{"success":true}
{"rc":0,"rc_str":"OK","rc_str_hr":"Success","recordsFiltered":9,"recordsTotal":9,"rsp":{"records":[{"alert_id":"17","cli_ip":"192.168.1.3","cli_name":"","cli_port":"52894","date":1618592034,"l7_proto":"37","msg":"Suspicious TCP Probing","name":"Suspicious TCP Probing","proto":"6","row_id":"1","score":35,"severity":"notice","srv_ip":"120.62.33.241","srv_name":"","srv_port":"39332","vlan_id":"0"},{"alert_id":"17","cli_ip":"192.168.1.3","cli_name":"","cli_port":"52893","date":1618592034,"l7_proto":"37","msg":"Suspicious TCP Probing","name":"Suspicious TCP Probing","proto":"6","row_id":"2","score":35,"severity":"notice","srv_ip":"79.55.129.22","srv_name":"","srv_port":"12097","vlan_id":"0"},{"alert_id":"17","cli_ip":"192.168.1.3","cli_name":"","cli_port":"52902","date":1618592034,"l7_proto":"37","msg":"Suspicious TCP Probing","name":"Suspicious TCP Probing","proto":"6","row_id":"3","score":35,"severity":"notice","srv_ip":"190.103.195.56","srv_name":"","srv_port":"46633","vlan_id":"0"},{"alert_id":"17","cli_ip":"192.168.1.3","cli_name":"","cli_port":"52907","date":1618592034,"l7_proto":"37","msg":"Suspicious TCP Probing","name":"Suspicious TCP Probing","proto":"6","row_id":"4","score":35,"severity":"notice","srv_ip":"82.58.216.115","srv_name":"","srv_port":"38305","vlan_id":"0"},{"alert_id":"17","cli_ip":"192.168.1.3","cli_name":"","cli_port":"52909","date":1618592034,"l7_proto":"37","msg":"Suspicious TCP Probing","name":"Suspicious TCP Probing","proto":"6","row_id":"5","score":35,"severity":"notice","srv_ip":"79.53.228.2","srv_name":"","srv_port":"14627","vlan_id":"0"},{"alert_id":"17","cli_ip":"192.168.1.3","cli_name":"","cli_port":"52908","date":1618592034,"l7_proto":"37","msg":"Suspicious TCP Probing","name":"Suspicious TCP Probing","proto":"6","row_id":"6","score":35,"severity":"notice","srv_ip":"79.55.129.22","srv_name":"","srv_port":"12097","vlan_id":"0"},{"alert_id":"17","cli_ip":"192.168.1.3","cli_name":"","cli_port":"52910","date":1618592034,"l7_proto":"37","msg":"Suspicious TCP Probing","name":"Suspicious TCP Probing","proto":"6","row_id":"7","score":35,"severity":"notice","srv_ip":"120.62.33.241","srv_name":"","srv_port":"39332","vlan_id":"0"},{"alert_id":"17","cli_ip":"192.168.1.3","cli_name":"","cli_port":"52914","date":1618592034,"l7_proto":"37","msg":"Suspicious TCP Probing","name":"Suspicious TCP Probing","proto":"6","row_id":"8","score":35,"severity":"notice","srv_ip":"190.103.195.56","srv_name":"","srv_port":"46633","vlan_id":"0"},{"alert_id":"17","cli_ip":"192.168.1.3","cli_name":"","cli_port":"52925","date":1618592034,"l7_proto":"37","msg":"Suspicious TCP Probing","name":"Suspicious TCP Probing","proto":"6","row_id":"9","score":35,"severity":"notice","srv_ip":"93.65.227.100","srv_name":"","srv_port":"19116","vlan_id":"0"}]}}
