{"success":true}
{"rc":0,"rc_str":"OK","rc_str_hr":"Success","recordsFiltered":17,"recordsTotal":17,"rsp":{"records":[{"alert_id":"43","cli_ip":"172.16.0.1","cli_name":"","cli_port":"52098","date":1618591946,"l7_proto":"7","msg":"","name":"HTTP Numeric IP Host","proto":"6","row_id":"1","score":100,"severity":"error","srv_ip":"192.168.10.50","srv_name":"","srv_port":"80","vlan_id":"0"},{"alert_id":"43","cli_ip":"172.16.0.1","cli_name":"","cli_port":"52200","date":1618591946,"l7_proto":"7","msg":"","name":"HTTP Numeric IP Host","proto":"6","row_id":"2","score":100,"severity":"error","srv_ip":"192.168.10.50","srv_name":"","srv_port":"80","vlan_id":"0"},{"alert_id":"43","cli_ip":"172.16.0.1","cli_name":"","cli_port":"52298","date":1618591946,"l7_proto":"7","msg":"","name":"HTTP Numeric IP Host","proto":"6","row_id":"3","score":100,"severity":"error","srv_ip":"192.168.10.50","srv_name":"","srv_port":"80","vlan_id":"0"},{"alert_id":"43","cli_ip":"172.16.0.1","cli_name":"","cli_port":"52300","date":1618591946,"l7_proto":"7","msg":"","name":"HTTP Numeric IP Host","proto":"6","row_id":"4","score":100,"severity":"error","srv_ip":"192.168.10.50","srv_name":"","srv_port":"80","vlan_id":"0"},{"alert_id":"43","cli_ip":"172.16.0.1","cli_name":"","cli_port":"52318","date":1618591946,"l7_proto":"7","msg":"","name":"HTTP Numeric IP Host","proto":"6","row_id":"5","score":100,"severity":"error","srv_ip":"192.168.10.50","srv_name":"","srv_port":"80","vlan_id":"0"},{"alert_id":"43","cli_ip":"172.16.0.1","cli_name":"","cli_port":"52910","date":1618591946,"l7_proto":"7","msg":"","name":"HTTP Numeric IP Host","proto":"6","row_id":"6","score":100,"severity":"error","srv_ip":"192.168.10.50","srv_name":"","srv_port":"80","vlan_id":"0"},{"alert_id":"43","cli_ip":"172.16.0.1","cli_name":"","cli_port":"54268","date":1618591946,"l7_proto":"7","msg":"","name":"HTTP Numeric IP Host","proto":"6","row_id":"7","score":100,"severity":"error","srv_ip":"192.168.10.50","srv_name":"","srv_port":"80","vlan_id":"0"},{"alert_id":"43","cli_ip":"172.16.0.1","cli_name":"","cli_port":"54956","date":1618591946,"l7_proto":"7","msg":"","name":"HTTP Numeric IP Host","proto":"6","row_id":"8","score":100,"severity":"error","srv_ip":"192.168.10.50","srv_name":"","srv_port":"80","vlan_id":"0"},{"alert_id":"43","cli_ip":"172.16.0.1","cli_name":"","cli_port":"55632","date":1618591946,"l7_proto":"7","msg":"","name":"HTTP Numeric IP Host","proto":"6","row_id":"9","score":100,"severity":"error","srv_ip":"192.168.10.50","srv_name":"","srv_port":"80","vlan_id":"0"},{"alert_id":"43","cli_ip":"172.16.0.1","cli_name":"","cli_port":"56994","date":1618591947,"l7_proto":"7","msg":"","name":"HTTP Numeric IP Host","proto":"6","row_id":"10","score":100,"severity":"error","srv_ip":"192.168.10.50","srv_name":"","srv_port":"80","vlan_id":"0"},{"alert_id":"43","cli_ip":"172.16.0.1","cli_name":"","cli_port":"57684","date":1618591947,"l7_proto":"7","msg":"","name":"HTTP Numeric IP Host","proto":"6","row_id":"11","score":100,"severity":"error","srv_ip":"192.168.10.50","srv_name":"","srv_port":"80","vlan_id":"0"},{"alert_id":"43","cli_ip":"172.16.0.1","cli_name":"","cli_port":"58360","date":1618591947,"l7_proto":"7","msg":"","name":"HTTP Numeric IP Host","proto":"6","row_id":"12","score":100,"severity":"error","srv_ip":"192.168.10.50","srv_name":"","srv_port":"80","vlan_id":"0"},{"alert_id":"43","cli_ip":"172.16.0.1","cli_name":"","cli_port":"59042","date":1618591947,"l7_proto":"7","msg":"","name":"HTTP Numeric IP Host","proto":"6","row_id":"13","score":100,"severity":"error","srv_ip":"192.168.10.50","srv_name":"","srv_port":"80","vlan_id":"0"},{"alert_id":"43","cli_ip":"172.16.0.1","cli_name":"","cli_port":"59732","date":1618591947,"l7_proto":"7","msg":"","name":"HTTP Numeric IP Host","proto":"6","row_id":"14","score":100,"severity":"error","srv_ip":"192.168.10.50","srv_name":"","srv_port":"80","vlan_id":"0"},{"alert_id":"43","cli_ip":"172.16.0.1","cli_name":"","cli_port":"60464","date":1618591947,"l7_proto":"7","msg":"","name":"HTTP Numeric IP Host","proto":"6","row_id":"15","score":100,"severity":"error","srv_ip":"192.168.10.50","srv_name":"","srv_port":"80","vlan_id":"0"},{"alert_id":"43","cli_ip":"172.16.0.1","cli_name":"","cli_port":"32906","date":1618591947,"l7_proto":"7","msg":"","name":"HTTP Numeric IP Host","proto":"6","row_id":"16","score":100,"severity":"error","srv_ip":"192.168.10.50","srv_name":"","srv_port":"80","vlan_id":"0"},{"alert_id":"43","cli_ip":"172.16.0.1","cli_name":"","cli_port":"34278","date":1618591947,"l7_proto":"7","msg":"","name":"HTTP Numeric IP Host","proto":"6","row_id":"17","score":100,"severity":"error","srv_ip":"192.168.10.50","srv_name":"","srv_port":"80","vlan_id":"0"}]}}
