{"success":true}
{"rc":0,"rc_str":"OK","rc_str_hr":"Success","rsp":{"success":true}}
{"rc":0,"rc_str":"OK","rc_str_hr":"Success","recordsFiltered":0,"recordsTotal":0,"rsp":{"records":[]}}
