{"success":true}
{"rc":0,"rc_str":"OK","rc_str_hr":"Success","recordsFiltered":6,"recordsTotal":6,"rsp":{"records":[{"alert_id":"27","cli_ip":"192.168.1.142","cli_name":"","cli_port":"55317","date":1618592146,"l7_proto":"42","msg":"","name":"Web Mining","proto":"6","row_id":"1","score":80,"severity":"error","srv_ip":"188.165.213.169","srv_name":"","srv_port":"8333","vlan_id":"0"},{"alert_id":"27","cli_ip":"192.168.1.142","cli_name":"","cli_port":"55328","date":1618592146,"l7_proto":"42","msg":"","name":"Web Mining","proto":"6","row_id":"2","score":80,"severity":"error","srv_ip":"69.118.54.122","srv_name":"","srv_port":"8333","vlan_id":"0"},{"alert_id":"27","cli_ip":"192.168.1.142","cli_name":"","cli_port":"55348","date":1618592146,"l7_proto":"42","msg":"","name":"Web Mining","proto":"6","row_id":"3","score":80,"severity":"error","srv_ip":"74.89.181.229","srv_name":"","srv_port":"8333","vlan_id":"0"},{"alert_id":"27","cli_ip":"192.168.1.142","cli_name":"","cli_port":"55383","date":1618592146,"l7_proto":"42","msg":"","name":"Web Mining","proto":"6","row_id":"4","score":80,"severity":"error","srv_ip":"66.68.83.22","srv_name":"","srv_port":"8333","vlan_id":"0"},{"alert_id":"27","cli_ip":"192.168.1.142","cli_name":"","cli_port":"55400","date":1618592146,"l7_proto":"42","msg":"","name":"Web Mining","proto":"6","row_id":"5","score":80,"severity":"error","srv_ip":"195.218.16.178","srv_name":"","srv_port":"8333","vlan_id":"0"},{"alert_id":"27","cli_ip":"192.168.1.142","cli_name":"","cli_port":"55487","date":1618592146,"l7_proto":"42","msg":"","name":"Web Mining","proto":"6","row_id":"6","score":80,"severity":"error","srv_ip":"184.58.165.119","srv_name":"","srv_port":"8333","vlan_id":"0"}]}}
