{"success":true}
{"rc":0,"rc_str":"OK","rc_str_hr":"Success","rsp":[]}
{"rc":0,"rc_str":"OK","rc_str_hr":"Success","recordsFiltered":3,"recordsTotal":3,"rsp":{"records":[{"alert_id":"33","cli_ip":"192.168.43.91","cli_name":"","cli_port":"35966","date":1618591814,"l7_proto":"5","msg":"Unexpected DNS server found: 4.2.2.4","name":"Unexpected DNS found","proto":"17","row_id":"1","score":320,"severity":"error","srv_ip":"4.2.2.4","srv_name":"","srv_port":"53","vlan_id":"0"},{"alert_id":"33","cli_ip":"192.168.43.91","cli_name":"","cli_port":"46961","date":1618591814,"l7_proto":"5","msg":"Unexpected DNS server found: 4.2.2.4","name":"Unexpected DNS found","proto":"17","row_id":"2","score":320,"severity":"error","srv_ip":"4.2.2.4","srv_name":"","srv_port":"53","vlan_id":"0"},{"alert_id":"33","cli_ip":"192.168.43.91","cli_name":"","cli_port":"56354","date":1618591814,"l7_proto":"5","msg":"Unexpected DNS server found: 4.2.2.4","name":"Unexpected DNS found","proto":"17","row_id":"3","score":320,"severity":"error","srv_ip":"4.2.2.4","srv_name":"","srv_port":"53","vlan_id":"0"}]}}
