{"success":true}
{"rc":0,"rc_str":"OK","rc_str_hr":"Success","rsp":[]}
{"rc":0,"rc_str":"OK","rc_str_hr":"Success","rsp":[]}
{"rc":0,"rc_str":"OK","rc_str_hr":"Success","rsp":[]}
{"rc":0,"rc_str":"OK","rc_str_hr":"Success","recordsFiltered":83,"recordsTotal":83,"rsp":{"records":[{"alert_id":"33","cli_ip":"192.168.1.93","cli_name":"","cli_port":"51409","date":1618591839,"l7_proto":"5","msg":"Unexpected DNS server found: 192.168.1.1","name":"Unexpected DNS found","proto":"17","row_id":"1","score":200,"severity":"error","srv_ip":"192.168.1.1","srv_name":"","srv_port":"53","vlan_id":"0"},{"alert_id":"33","cli_ip":"192.168.1.93","cli_name":"Lucas iMac","cli_port":"62064","date":1618591839,"l7_proto":"5","msg":"Unexpected DNS server found: 192.168.1.1","name":"Unexpected DNS found","proto":"17","row_id":"2","score":200,"severity":"error","srv_ip":"192.168.1.1","srv_name":"","srv_port":"53","vlan_id":"0"},{"alert_id":"33","cli_ip":"192.168.1.93","cli_name":"Lucas iMac","cli_port":"51784","date":1618591839,"l7_proto":"126","msg":"Unexpected DNS server found: 192.168.1.1","name":"Unexpected DNS found","proto":"17","row_id":"3","score":200,"severity":"error","srv_ip":"192.168.1.1","srv_name":"","srv_port":"53","vlan_id":"0"},{"alert_id":"33","cli_ip":"192.168.1.93","cli_name":"Lucas iMac","cli_port":"57672","date":1618591839,"l7_proto":"5","msg":"Unexpected DNS server found: 192.168.1.1","name":"Unexpected DNS found","proto":"17","row_id":"4","score":200,"severity":"error","srv_ip":"192.168.1.1","srv_name":"","srv_port":"53","vlan_id":"0"},{"alert_id":"33","cli_ip":"192.168.1.93","cli_name":"Lucas iMac","cli_port":"64331","date":1618591839,"l7_proto":"5","msg":"Unexpected DNS server found: 192.168.1.1","name":"Unexpected DNS found","proto":"17","row_id":"5","score":300,"severity":"error","srv_ip":"192.168.1.1","srv_name":"","srv_port":"53","vlan_id":"0"},{"alert_id":"33","cli_ip":"192.168.1.93","cli_name":"Lucas iMac","cli_port":"64210","date":1618591839,"l7_proto":"5","msg":"Unexpected DNS server found: 192.168.1.1","name":"Unexpected DNS found","proto":"17","row_id":"6","score":200,"severity":"error","srv_ip":"192.168.1.1","srv_name":"","srv_port":"53","vlan_id":"0"},{"alert_id":"33","cli_ip":"192.168.1.93","cli_name":"Lucas iMac","cli_port":"62168","date":1618591839,"l7_proto":"5","msg":"Unexpected DNS server found: 192.168.1.1","name":"Unexpected DNS found","proto":"17","row_id":"7","score":200,"severity":"error","srv_ip":"192.168.1.1","srv_name":"","srv_port":"53","vlan_id":"0"},{"alert_id":"33","cli_ip":"192.168.1.93","cli_name":"Lucas iMac","cli_port":"56927","date":1618591839,"l7_proto":"5","msg":"Unexpected DNS server found: 192.168.1.1","name":"Unexpected DNS found","proto":"17","row_id":"8","score":200,"severity":"error","srv_ip":"192.168.1.1","srv_name":"","srv_port":"53","vlan_id":"0"},{"alert_id":"33","cli_ip":"192.168.1.93","cli_name":"Lucas iMac","cli_port":"54636","date":1618591839,"l7_proto":"5","msg":"Unexpected DNS server found: 192.168.1.1","name":"Unexpected DNS found","proto":"17","row_id":"9","score":200,"severity":"error","srv_ip":"192.168.1.1","srv_name":"","srv_port":"53","vlan_id":"0"},{"alert_id":"33","cli_ip":"192.168.1.93","cli_name":"Lucas iMac","cli_port":"64109","date":1618591839,"l7_proto":"5","msg":"Unexpected DNS server found: 192.168.1.1","name":"Unexpected DNS found","proto":"17","row_id":"10","score":200,"severity":"error","srv_ip":"192.168.1.1","srv_name":"","srv_port":"53","vlan_id":"0"},{"alert_id":"33","cli_ip":"192.168.1.93","cli_name":"Lucas iMac","cli_port":"53871","date":1618591839,"l7_proto":"5","msg":"Unexpected DNS server found: 192.168.1.1","name":"Unexpected DNS found","proto":"17","row_id":"11","score":200,"severity":"error","srv_ip":"192.168.1.1","srv_name":"","srv_port":"53","vlan_id":"0"},{"alert_id":"33","cli_ip":"192.168.1.93","cli_name":"Lucas iMac","cli_port":"52340","date":1618591839,"l7_proto":"5","msg":"Unexpected DNS server found: 192.168.1.1","name":"Unexpected DNS found","proto":"17","row_id":"12","score":200,"severity":"error","srv_ip":"192.168.1.1","srv_name":"","srv_port":"53","vlan_id":"0"},{"alert_id":"33","cli_ip":"192.168.1.93","cli_name":"Lucas iMac","cli_port":"65014","date":1618591839,"l7_proto":"5","msg":"Unexpected DNS server found: 192.168.1.1","name":"Unexpected DNS found","proto":"17","row_id":"13","score":200,"severity":"error","srv_ip":"192.168.1.1","srv_name":"","srv_port":"53","vlan_id":"0"},{"alert_id":"33","cli_ip":"192.168.1.93","cli_name":"Lucas iMac","cli_port":"64119","date":1618591839,"l7_proto":"5","msg":"Unexpected DNS server found: 192.168.1.1","name":"Unexpected DNS found","proto":"17","row_id":"14","score":200,"severity":"error","srv_ip":"192.168.1.1","srv_name":"","srv_port":"53","vlan_id":"0"},{"alert_id":"23","cli_ip":"192.168.1.93","cli_name":"Lucas iMac","cli_port":"61563","date":1618591839,"l7_proto":"26","msg":"","name":"TLS Certificate Mismatch","proto":"6","row_id":"15","score":100,"severity":"error","srv_ip":"192.168.1.176","srv_name":"","srv_port":"443","vlan_id":"0"},{"alert_id":"23","cli_ip":"192.168.1.93","cli_name":"Lucas iMac","cli_port":"61566","date":1618591839,"l7_proto":"126","msg":"","name":"TLS Certificate Mismatch","proto":"6","row_id":"16","score":100,"severity":"error","srv_ip":"192.168.1.176","srv_name":"","srv_port":"443","vlan_id":"0"},{"alert_id":"23","cli_ip":"192.168.1.93","cli_name":"Lucas iMac","cli_port":"61569","date":1618591839,"l7_proto":"239","msg":"","name":"TLS Certificate Mismatch","proto":"6","row_id":"17","score":100,"severity":"error","srv_ip":"192.168.1.176","srv_name":"","srv_port":"443","vlan_id":"0"},{"alert_id":"23","cli_ip":"192.168.1.93","cli_name":"Lucas iMac","cli_port":"61570","date":1618591839,"l7_proto":"26","msg":"","name":"TLS Certificate Mismatch","proto":"6","row_id":"18","score":100,"severity":"error","srv_ip":"192.168.1.176","srv_name":"","srv_port":"443","vlan_id":"0"},{"alert_id":"23","cli_ip":"192.168.1.93","cli_name":"Lucas iMac","cli_port":"61572","date":1618591839,"l7_proto":"26","msg":"","name":"TLS Certificate Mismatch","proto":"6","row_id":"19","score":100,"severity":"error","srv_ip":"192.168.1.176","srv_name":"","srv_port":"443","vlan_id":"0"},{"alert_id":"47","cli_ip":"192.168.1.93","cli_name":"Lucas iMac","cli_port":"61573","date":1618591839,"l7_proto":"91","msg":" [ Suspicious DGA Domain Contacted : cdn.krxd.net ] ","name":"Susp. DGA Domain","proto":"6","row_id":"20","score":100,"severity":"error","srv_ip":"151.101.130.133","srv_name":"","srv_port":"443","vlan_id":"0"},{"alert_id":"33","cli_ip":"192.168.1.93","cli_name":"Lucas iMac","cli_port":"59920","date":1618591839,"l7_proto":"5","msg":"Unexpected DNS server found: 192.168.1.1","name":"Unexpected DNS found","proto":"17","row_id":"21","score":200,"severity":"error","srv_ip":"192.168.1.1","srv_name":"","srv_port":"53","vlan_id":"0"},{"alert_id":"23","cli_ip":"192.168.1.93","cli_name":"Lucas iMac","cli_port":"61580","date":1618591839,"l7_proto":"26","msg":"","name":"TLS Certificate Mismatch","proto":"6","row_id":"22","score":100,"severity":"error","srv_ip":"192.168.1.176","srv_name":"","srv_port":"443","vlan_id":"0"},{"alert_id":"33","cli_ip":"192.168.1.93","cli_name":"Lucas iMac","cli_port":"62869","date":1618591839,"l7_proto":"126","msg":"Unexpected DNS server found: 192.168.1.1","name":"Unexpected DNS found","proto":"17","row_id":"23","score":200,"severity":"error","srv_ip":"192.168.1.1","srv_name":"","srv_port":"53","vlan_id":"0"},{"alert_id":"33","cli_ip":"192.168.1.93","cli_name":"Lucas iMac","cli_port":"62359","date":1618591839,"l7_proto":"239","msg":"Unexpected DNS server found: 192.168.1.1","name":"Unexpected DNS found","proto":"17","row_id":"24","score":200,"severity":"error","srv_ip":"192.168.1.1","srv_name":"","srv_port":"53","vlan_id":"0"},{"alert_id":"33","cli_ip":"192.168.1.93","cli_name":"Lucas iMac","cli_port":"55707","date":1618591839,"l7_proto":"5","msg":"Unexpected DNS server found: 192.168.1.1","name":"Unexpected DNS found","proto":"17","row_id":"25","score":200,"severity":"error","srv_ip":"192.168.1.1","srv_name":"","srv_port":"53","vlan_id":"0"},{"alert_id":"23","cli_ip":"192.168.1.93","cli_name":"Lucas iMac","cli_port":"61589","date":1618591839,"l7_proto":"239","msg":"","name":"TLS Certificate Mismatch","proto":"6","row_id":"26","score":100,"severity":"error","srv_ip":"192.168.1.176","srv_name":"","srv_port":"443","vlan_id":"0"},{"alert_id":"33","cli_ip":"192.168.1.93","cli_name":"Lucas iMac","cli_port":"65309","date":1618591839,"l7_proto":"5","msg":"Unexpected DNS server found: 192.168.1.1","name":"Unexpected DNS found","proto":"17","row_id":"27","score":200,"severity":"error","srv_ip":"192.168.1.1","srv_name":"","srv_port":"53","vlan_id":"0"},{"alert_id":"47","cli_ip":"192.168.1.93","cli_name":"Lucas iMac","cli_port":"61590","date":1618591839,"l7_proto":"91","msg":" [ Suspicious DGA Domain Contacted : cdn.krxd.net ] ","name":"Susp. DGA Domain","proto":"6","row_id":"28","score":100,"severity":"error","srv_ip":"151.101.130.133","srv_name":"","srv_port":"443","vlan_id":"0"},{"alert_id":"23","cli_ip":"192.168.1.93","cli_name":"Lucas iMac","cli_port":"61594","date":1618591839,"l7_proto":"26","msg":"","name":"TLS Certificate Mismatch","proto":"6","row_id":"29","score":100,"severity":"error","srv_ip":"192.168.1.176","srv_name":"","srv_port":"443","vlan_id":"0"},{"alert_id":"33","cli_ip":"192.168.1.93","cli_name":"Lucas iMac","cli_port":"63777","date":1618591839,"l7_proto":"5","msg":"Unexpected DNS server found: 192.168.1.1","name":"Unexpected DNS found","proto":"17","row_id":"30","score":200,"severity":"error","srv_ip":"192.168.1.1","srv_name":"","srv_port":"53","vlan_id":"0"},{"alert_id":"33","cli_ip":"192.168.1.93","cli_name":"Lucas iMac","cli_port":"52650","date":1618591839,"l7_proto":"5","msg":"Unexpected DNS server found: 192.168.1.1","name":"Unexpected DNS found","proto":"17","row_id":"31","score":200,"severity":"error","srv_ip":"192.168.1.1","srv_name":"","srv_port":"53","vlan_id":"0"},{"alert_id":"33","cli_ip":"192.168.1.93","cli_name":"Lucas iMac","cli_port":"61739","date":1618591839,"l7_proto":"119","msg":"Unexpected DNS server found: 192.168.1.1","name":"Unexpected DNS found","proto":"17","row_id":"32","score":200,"severity":"error","srv_ip":"192.168.1.1","srv_name":"","srv_port":"53","vlan_id":"0"},{"alert_id":"23","cli_ip":"192.168.1.93","cli_name":"Lucas iMac","cli_port":"61607","date":1618591839,"l7_proto":"26","msg":"","name":"TLS Certificate Mismatch","proto":"6","row_id":"33","score":100,"severity":"error","srv_ip":"192.168.1.176","srv_name":"","srv_port":"443","vlan_id":"0"},{"alert_id":"23","cli_ip":"192.168.1.93","cli_name":"Lucas iMac","cli_port":"61608","date":1618591839,"l7_proto":"126","msg":"","name":"TLS Certificate Mismatch","proto":"6","row_id":"34","score":100,"severity":"error","srv_ip":"192.168.1.176","srv_name":"","srv_port":"443","vlan_id":"0"},{"alert_id":"33","cli_ip":"192.168.1.93","cli_name":"Lucas iMac","cli_port":"53807","date":1618591839,"l7_proto":"5","msg":"Unexpected DNS server found: 192.168.1.1","name":"Unexpected DNS found","proto":"17","row_id":"35","score":200,"severity":"error","srv_ip":"192.168.1.1","srv_name":"","srv_port":"53","vlan_id":"0"},{"alert_id":"23","cli_ip":"192.168.1.93","cli_name":"Lucas iMac","cli_port":"61609","date":1618591839,"l7_proto":"239","msg":"","name":"TLS Certificate Mismatch","proto":"6","row_id":"36","score":100,"severity":"error","srv_ip":"192.168.1.176","srv_name":"","srv_port":"443","vlan_id":"0"},{"alert_id":"23","cli_ip":"192.168.1.93","cli_name":"Lucas iMac","cli_port":"61610","date":1618591839,"l7_proto":"26","msg":"","name":"TLS Certificate Mismatch","proto":"6","row_id":"37","score":100,"severity":"error","srv_ip":"192.168.1.176","srv_name":"","srv_port":"443","vlan_id":"0"},{"alert_id":"33","cli_ip":"192.168.1.93","cli_name":"Lucas iMac","cli_port":"62012","date":1618591839,"l7_proto":"5","msg":"Unexpected DNS server found: 192.168.1.1","name":"Unexpected DNS found","proto":"17","row_id":"38","score":200,"severity":"error","srv_ip":"192.168.1.1","srv_name":"","srv_port":"53","vlan_id":"0"},{"alert_id":"33","cli_ip":"192.168.1.93","cli_name":"Lucas iMac","cli_port":"51263","date":1618591839,"l7_proto":"5","msg":"Unexpected DNS server found: 192.168.1.1","name":"Unexpected DNS found","proto":"17","row_id":"39","score":200,"severity":"error","srv_ip":"192.168.1.1","srv_name":"","srv_port":"53","vlan_id":"0"},{"alert_id":"33","cli_ip":"192.168.1.93","cli_name":"Lucas iMac","cli_port":"54593","date":1618591839,"l7_proto":"5","msg":"Unexpected DNS server found: 192.168.1.1","name":"Unexpected DNS found","proto":"17","row_id":"40","score":200,"severity":"error","srv_ip":"192.168.1.1","srv_name":"","srv_port":"53","vlan_id":"0"},{"alert_id":"33","cli_ip":"192.168.1.93","cli_name":"Lucas iMac","cli_port":"60368","date":1618591839,"l7_proto":"126","msg":"Unexpected DNS server found: 192.168.1.1","name":"Unexpected DNS found","proto":"17","row_id":"41","score":200,"severity":"error","srv_ip":"192.168.1.1","srv_name":"","srv_port":"53","vlan_id":"0"},{"alert_id":"33","cli_ip":"192.168.1.93","cli_name":"Lucas iMac","cli_port":"64080","date":1618591839,"l7_proto":"5","msg":"Unexpected DNS server found: 192.168.1.1","name":"Unexpected DNS found","proto":"17","row_id":"42","score":200,"severity":"error","srv_ip":"192.168.1.1","srv_name":"","srv_port":"53","vlan_id":"0"},{"alert_id":"33","cli_ip":"192.168.1.93","cli_name":"Lucas iMac","cli_port":"61397","date":1618591839,"l7_proto":"5","msg":"Unexpected DNS server found: 192.168.1.1","name":"Unexpected DNS found","proto":"17","row_id":"43","score":200,"severity":"error","srv_ip":"192.168.1.1","srv_name":"","srv_port":"53","vlan_id":"0"},{"alert_id":"33","cli_ip":"192.168.1.93","cli_name":"Lucas iMac","cli_port":"57066","date":1618591839,"l7_proto":"5","msg":"Unexpected DNS server found: 192.168.1.1","name":"Unexpected DNS found","proto":"17","row_id":"44","score":200,"severity":"error","srv_ip":"192.168.1.1","srv_name":"","srv_port":"53","vlan_id":"0"},{"alert_id":"33","cli_ip":"192.168.1.93","cli_name":"Lucas iMac","cli_port":"49907","date":1618591839,"l7_proto":"5","msg":"Unexpected DNS server found: 192.168.1.1","name":"Unexpected DNS found","proto":"17","row_id":"45","score":200,"severity":"error","srv_ip":"192.168.1.1","srv_name":"","srv_port":"53","vlan_id":"0"},{"alert_id":"33","cli_ip":"192.168.1.93","cli_name":"Lucas iMac","cli_port":"52734","date":1618591839,"l7_proto":"119","msg":"Unexpected DNS server found: 192.168.1.1","name":"Unexpected DNS found","proto":"17","row_id":"46","score":200,"severity":"error","srv_ip":"192.168.1.1","srv_name":"","srv_port":"53","vlan_id":"0"},{"alert_id":"33","cli_ip":"192.168.1.93","cli_name":"Lucas iMac","cli_port":"52367","date":1618591839,"l7_proto":"126","msg":"Unexpected DNS server found: 192.168.1.1","name":"Unexpected DNS found","proto":"17","row_id":"47","score":200,"severity":"error","srv_ip":"192.168.1.1","srv_name":"","srv_port":"53","vlan_id":"0"},{"alert_id":"33","cli_ip":"192.168.1.93","cli_name":"Lucas iMac","cli_port":"59283","date":1618591839,"l7_proto":"5","msg":"Unexpected DNS server found: 192.168.1.1","name":"Unexpected DNS found","proto":"17","row_id":"48","score":200,"severity":"error","srv_ip":"192.168.1.1","srv_name":"","srv_port":"53","vlan_id":"0"},{"alert_id":"33","cli_ip":"192.168.1.93","cli_name":"Lucas iMac","cli_port":"58649","date":1618591839,"l7_proto":"119","msg":"Unexpected DNS server found: 192.168.1.1","name":"Unexpected DNS found","proto":"17","row_id":"49","score":200,"severity":"error","srv_ip":"192.168.1.1","srv_name":"","srv_port":"53","vlan_id":"0"},{"alert_id":"33","cli_ip":"192.168.1.93","cli_name":"Lucas iMac","cli_port":"51226","date":1618591839,"l7_proto":"5","msg":"Unexpected DNS server found: 192.168.1.1","name":"Unexpected DNS found","proto":"17","row_id":"50","score":200,"severity":"error","srv_ip":"192.168.1.1","srv_name":"","srv_port":"53","vlan_id":"0"},{"alert_id":"33","cli_ip":"192.168.1.93","cli_name":"Lucas iMac","cli_port":"54170","date":1618591839,"l7_proto":"5","msg":"Unexpected DNS server found: 192.168.1.1","name":"Unexpected DNS found","proto":"17","row_id":"51","score":200,"severity":"error","srv_ip":"192.168.1.1","srv_name":"","srv_port":"53","vlan_id":"0"},{"alert_id":"33","cli_ip":"192.168.1.93","cli_name":"Lucas iMac","cli_port":"63273","date":1618591839,"l7_proto":"5","msg":"Unexpected DNS server found: 192.168.1.1","name":"Unexpected DNS found","proto":"17","row_id":"52","score":200,"severity":"error","srv_ip":"192.168.1.1","srv_name":"","srv_port":"53","vlan_id":"0"},{"alert_id":"33","cli_ip":"192.168.1.93","cli_name":"Lucas iMac","cli_port":"64299","date":1618591839,"l7_proto":"239","msg":"Unexpected DNS server found: 192.168.1.1","name":"Unexpected DNS found","proto":"17","row_id":"53","score":200,"severity":"error","srv_ip":"192.168.1.1","srv_name":"","srv_port":"53","vlan_id":"0"},{"alert_id":"33","cli_ip":"192.168.1.93","cli_name":"Lucas iMac","cli_port":"56374","date":1618591839,"l7_proto":"5","msg":"Unexpected DNS server found: 192.168.1.1","name":"Unexpected DNS found","proto":"17","row_id":"54","score":200,"severity":"error","srv_ip":"192.168.1.1","srv_name":"","srv_port":"53","vlan_id":"0"},{"alert_id":"23","cli_ip":"192.168.1.93","cli_name":"Lucas iMac","cli_port":"61619","date":1618591839,"l7_proto":"26","msg":"","name":"TLS Certificate Mismatch","proto":"6","row_id":"55","score":100,"severity":"error","srv_ip":"192.168.1.176","srv_name":"","srv_port":"443","vlan_id":"0"},{"alert_id":"23","cli_ip":"192.168.1.93","cli_name":"Lucas iMac","cli_port":"61620","date":1618591839,"l7_proto":"26","msg":"","name":"TLS Certificate Mismatch","proto":"6","row_id":"56","score":100,"severity":"error","srv_ip":"192.168.1.176","srv_name":"","srv_port":"443","vlan_id":"0"},{"alert_id":"23","cli_ip":"192.168.1.93","cli_name":"Lucas iMac","cli_port":"61621","date":1618591839,"l7_proto":"26","msg":"","name":"TLS Certificate Mismatch","proto":"6","row_id":"57","score":100,"severity":"error","srv_ip":"192.168.1.176","srv_name":"","srv_port":"443","vlan_id":"0"},{"alert_id":"23","cli_ip":"192.168.1.93","cli_name":"Lucas iMac","cli_port":"61622","date":1618591839,"l7_proto":"239","msg":"","name":"TLS Certificate Mismatch","proto":"6","row_id":"58","score":100,"severity":"error","srv_ip":"192.168.1.176","srv_name":"","srv_port":"443","vlan_id":"0"},{"alert_id":"23","cli_ip":"192.168.1.93","cli_name":"Lucas iMac","cli_port":"61623","date":1618591839,"l7_proto":"126","msg":"","name":"TLS Certificate Mismatch","proto":"6","row_id":"59","score":100,"severity":"error","srv_ip":"192.168.1.176","srv_name":"","srv_port":"443","vlan_id":"0"},{"alert_id":"23","cli_ip":"192.168.1.93","cli_name":"Lucas iMac","cli_port":"61624","date":1618591839,"l7_proto":"26","msg":"","name":"TLS Certificate Mismatch","proto":"6","row_id":"60","score":100,"severity":"error","srv_ip":"192.168.1.176","srv_name":"","srv_port":"443","vlan_id":"0"},{"alert_id":"33","cli_ip":"192.168.1.93","cli_name":"Lucas iMac","cli_port":"56898","date":1618591839,"l7_proto":"5","msg":"Unexpected DNS server found: 192.168.1.1","name":"Unexpected DNS found","proto":"17","row_id":"61","score":200,"severity":"error","srv_ip":"192.168.1.1","srv_name":"","srv_port":"53","vlan_id":"0"},{"alert_id":"23","cli_ip":"192.168.1.93","cli_name":"Lucas iMac","cli_port":"61632","date":1618591839,"l7_proto":"91","msg":"","name":"TLS Certificate Mismatch","proto":"6","row_id":"62","score":100,"severity":"error","srv_ip":"184.51.127.56","srv_name":"","srv_port":"443","vlan_id":"0"},{"alert_id":"23","cli_ip":"192.168.1.93","cli_name":"Lucas iMac","cli_port":"61650","date":1618591839,"l7_proto":"126","msg":"","name":"TLS Certificate Mismatch","proto":"6","row_id":"63","score":100,"severity":"error","srv_ip":"192.168.1.176","srv_name":"","srv_port":"443","vlan_id":"0"},{"alert_id":"23","cli_ip":"192.168.1.93","cli_name":"Lucas iMac","cli_port":"61651","date":1618591839,"l7_proto":"26","msg":"","name":"TLS Certificate Mismatch","proto":"6","row_id":"64","score":100,"severity":"error","srv_ip":"192.168.1.176","srv_name":"","srv_port":"443","vlan_id":"0"},{"alert_id":"23","cli_ip":"192.168.1.93","cli_name":"Lucas iMac","cli_port":"61657","date":1618591839,"l7_proto":"126","msg":"","name":"TLS Certificate Mismatch","proto":"6","row_id":"65","score":100,"severity":"error","srv_ip":"192.168.1.176","srv_name":"","srv_port":"443","vlan_id":"0"},{"alert_id":"23","cli_ip":"192.168.1.93","cli_name":"Lucas iMac","cli_port":"61664","date":1618591839,"l7_proto":"126","msg":"","name":"TLS Certificate Mismatch","proto":"6","row_id":"66","score":100,"severity":"error","srv_ip":"192.168.1.176","srv_name":"","srv_port":"443","vlan_id":"0"},{"alert_id":"23","cli_ip":"192.168.1.93","cli_name":"Lucas iMac","cli_port":"61665","date":1618591839,"l7_proto":"26","msg":"","name":"TLS Certificate Mismatch","proto":"6","row_id":"67","score":100,"severity":"error","srv_ip":"192.168.1.176","srv_name":"","srv_port":"443","vlan_id":"0"},{"alert_id":"23","cli_ip":"192.168.1.93","cli_name":"Lucas iMac","cli_port":"61667","date":1618591839,"l7_proto":"126","msg":"","name":"TLS Certificate Mismatch","proto":"6","row_id":"68","score":100,"severity":"error","srv_ip":"192.168.1.176","srv_name":"","srv_port":"443","vlan_id":"0"},{"alert_id":"23","cli_ip":"192.168.1.93","cli_name":"Lucas iMac","cli_port":"61625","date":1618591839,"l7_proto":"26","msg":"","name":"TLS Certificate Mismatch","proto":"6","row_id":"69","score":100,"severity":"error","srv_ip":"192.168.1.176","srv_name":"","srv_port":"443","vlan_id":"0"},{"alert_id":"23","cli_ip":"192.168.1.93","cli_name":"Lucas iMac","cli_port":"61627","date":1618591839,"l7_proto":"26","msg":"","name":"TLS Certificate Mismatch","proto":"6","row_id":"70","score":100,"severity":"error","srv_ip":"192.168.1.176","srv_name":"","srv_port":"443","vlan_id":"0"},{"alert_id":"23","cli_ip":"192.168.1.93","cli_name":"Lucas iMac","cli_port":"61628","date":1618591839,"l7_proto":"26","msg":"","name":"TLS Certificate Mismatch","proto":"6","row_id":"71","score":100,"severity":"error","srv_ip":"192.168.1.176","srv_name":"","srv_port":"443","vlan_id":"0"},{"alert_id":"23","cli_ip":"192.168.1.93","cli_name":"Lucas iMac","cli_port":"61629","date":1618591839,"l7_proto":"126","msg":"","name":"TLS Certificate Mismatch","proto":"6","row_id":"72","score":100,"severity":"error","srv_ip":"192.168.1.176","srv_name":"","srv_port":"443","vlan_id":"0"},{"alert_id":"33","cli_ip":"192.168.1.93","cli_name":"Lucas iMac","cli_port":"50013","date":1618591839,"l7_proto":"5","msg":"Unexpected DNS server found: 192.168.1.1","name":"Unexpected DNS found","proto":"17","row_id":"73","score":200,"severity":"error","srv_ip":"192.168.1.1","srv_name":"","srv_port":"53","vlan_id":"0"},{"alert_id":"33","cli_ip":"192.168.1.93","cli_name":"Lucas iMac","cli_port":"56544","date":1618591839,"l7_proto":"5","msg":"Unexpected DNS server found: 192.168.1.1","name":"Unexpected DNS found","proto":"17","row_id":"74","score":300,"severity":"error","srv_ip":"192.168.1.1","srv_name":"","srv_port":"53","vlan_id":"0"},{"alert_id":"23","cli_ip":"192.168.1.93","cli_name":"Lucas iMac","cli_port":"61672","date":1618591839,"l7_proto":"239","msg":"","name":"TLS Certificate Mismatch","proto":"6","row_id":"75","score":100,"severity":"error","srv_ip":"192.168.1.176","srv_name":"","srv_port":"443","vlan_id":"0"},{"alert_id":"23","cli_ip":"192.168.1.93","cli_name":"Lucas iMac","cli_port":"61675","date":1618591839,"l7_proto":"239","msg":"","name":"TLS Certificate Mismatch","proto":"6","row_id":"76","score":100,"severity":"error","srv_ip":"192.168.1.176","srv_name":"","srv_port":"443","vlan_id":"0"},{"alert_id":"23","cli_ip":"192.168.1.93","cli_name":"Lucas iMac","cli_port":"61676","date":1618591839,"l7_proto":"26","msg":"","name":"TLS Certificate Mismatch","proto":"6","row_id":"77","score":100,"severity":"error","srv_ip":"192.168.1.176","srv_name":"","srv_port":"443","vlan_id":"0"},{"alert_id":"23","cli_ip":"192.168.1.93","cli_name":"Lucas iMac","cli_port":"61678","date":1618591839,"l7_proto":"26","msg":"","name":"TLS Certificate Mismatch","proto":"6","row_id":"78","score":100,"severity":"error","srv_ip":"192.168.1.176","srv_name":"","srv_port":"443","vlan_id":"0"},{"alert_id":"23","cli_ip":"192.168.1.93","cli_name":"Lucas iMac","cli_port":"61682","date":1618591839,"l7_proto":"26","msg":"","name":"TLS Certificate Mismatch","proto":"6","row_id":"79","score":100,"severity":"error","srv_ip":"192.168.1.176","srv_name":"","srv_port":"443","vlan_id":"0"},{"alert_id":"33","cli_ip":"192.168.1.93","cli_name":"Lucas iMac","cli_port":"58163","date":1618591839,"l7_proto":"5","msg":"Unexpected DNS server found: 192.168.1.1","name":"Unexpected DNS found","proto":"17","row_id":"80","score":200,"severity":"error","srv_ip":"192.168.1.1","srv_name":"","srv_port":"53","vlan_id":"0"},{"alert_id":"33","cli_ip":"192.168.1.93","cli_name":"Lucas iMac","cli_port":"63928","date":1618591839,"l7_proto":"5","msg":"Unexpected DNS server found: 192.168.1.1","name":"Unexpected DNS found","proto":"17","row_id":"81","score":200,"severity":"error","srv_ip":"192.168.1.1","srv_name":"","srv_port":"53","vlan_id":"0"},{"alert_id":"23","cli_ip":"192.168.1.93","cli_name":"Lucas iMac","cli_port":"61691","date":1618591844,"l7_proto":"26","msg":"","name":"TLS Certificate Mismatch","proto":"6","row_id":"82","score":100,"severity":"error","srv_ip":"192.168.1.176","srv_name":"","srv_port":"443","vlan_id":"0"},{"alert_id":"47","cli_ip":"192.168.1.93","cli_name":"Lucas iMac","cli_port":"61689","date":1618591844,"l7_proto":"91","msg":" [ Suspicious DGA Domain Contacted : fbc.wcfbc.net ] ","name":"Susp. DGA Domain","proto":"6","row_id":"83","score":100,"severity":"error","srv_ip":"185.54.150.123","srv_name":"","srv_port":"443","vlan_id":"0"}]}}
