{"success":true}
{"rc":0,"rc_str":"OK","rc_str_hr":"Success","recordsFiltered":1,"recordsTotal":1,"rsp":{"records":[{"alert_id":"33","cli_ip":"192.168.2.222","cli_name":"","cli_port":"59610","date":1618591883,"l7_proto":"5","msg":"Unexpected DNS server found: 9.9.9.9","name":"Unexpected DNS found","proto":"17","row_id":"1","score":355,"severity":"error","srv_ip":"9.9.9.9","srv_name":"","srv_port":"53","vlan_id":"0"}]}}
