{"success":true}
{"rc":0,"rc_str":"OK","rc_str_hr":"Success","recordsFiltered":2,"recordsTotal":2,"rsp":{"records":[{"alert_id":"17","cli_ip":"192.168.7.7","cli_name":"","cli_port":"33706","date":1618592059,"l7_proto":"7","msg":"Suspicious TCP Probing","name":"Suspicious TCP Probing","proto":"6","row_id":"1","score":70,"severity":"notice","srv_ip":"144.139.247.220","srv_name":"","srv_port":"80","vlan_id":"0"},{"alert_id":"23","cli_ip":"192.168.7.7","cli_name":"","cli_port":"35236","date":1618592064,"l7_proto":"225","msg":"","name":"TLS Certificate Mismatch","proto":"6","row_id":"2","score":100,"severity":"error","srv_ip":"67.215.92.210","srv_name":"","srv_port":"443","vlan_id":"0"}]}}
