{"success":true}
{"rc":0,"rc_str":"OK","rc_str_hr":"Success","rsp":[]}
{"rc":0,"rc_str":"OK","rc_str_hr":"Success","recordsFiltered":3,"recordsTotal":3,"rsp":{"records":[{"date":1618579224,"msg":"Unexpected DNS server found: 4.2.2.4","score":220,"severity":"error","type":"alert_unexpected_dns_server"},{"date":1618579224,"msg":"Unexpected DNS server found: 4.2.2.4","score":220,"severity":"error","type":"alert_unexpected_dns_server"},{"date":1618579224,"msg":"Unexpected DNS server found: 4.2.2.4","score":220,"severity":"error","type":"alert_unexpected_dns_server"}]}}
