{"success":true}
{"rc":0,"rc_str":"OK","rc_str_hr":"Success","recordsFiltered":3,"recordsTotal":3,"rsp":{"records":[{"date":1618580317,"msg":"","score":120,"severity":"error","type":"alert_ndpi_suspicious_dga_domain"},{"date":1618580317,"msg":"","score":120,"severity":"error","type":"alert_ndpi_suspicious_dga_domain"},{"date":1618580317,"msg":"","score":120,"severity":"error","type":"alert_ndpi_suspicious_dga_domain"}]}}
