{"rc":0,"rc_str":"OK","rc_str_hr":"Success","rsp":{"0":{"config":{"flow":{"blacklisted":{"all":{"enabled":true,"script_conf":{"severity":{"emoji":"❗","i18n_title":"alerts_dashboard.error","icon":"fas fa-exclamation-triangle text-danger","label":"badge-danger","severity_id":5,"syslog_severity":3}}}},"country_check":{"all":{"enabled":false,"script_conf":{"items":[],"severity":{"emoji":"❗","i18n_title":"alerts_dashboard.error","icon":"fas fa-exclamation-triangle text-danger","label":"badge-danger","severity_id":5,"syslog_severity":3}}}},"data_exfiltration":{"all":{"enabled":true,"script_conf":{"severity":{"emoji":"❗","i18n_title":"alerts_dashboard.error","icon":"fas fa-exclamation-triangle text-danger","label":"badge-danger","severity_id":5,"syslog_severity":3}}}},"device_protocol_not_allowed":{"all":{"enabled":true,"script_conf":{"severity":{"emoji":"❗","i18n_title":"alerts_dashboard.error","icon":"fas fa-exclamation-triangle text-danger","label":"badge-danger","severity_id":5,"syslog_severity":3}}}},"dns_data_exfiltration":{"all":{"enabled":true,"script_conf":{"severity":{"emoji":"❗","i18n_title":"alerts_dashboard.error","icon":"fas fa-exclamation-triangle text-danger","label":"badge-danger","severity_id":5,"syslog_severity":3}}}},"elephant_flows":{"all":{"enabled":true,"script_conf":{"l2r_bytes_value":1073741824,"r2l_bytes_value":1073741824,"severity":{"emoji":"❗","i18n_title":"alerts_dashboard.error","icon":"fas fa-exclamation-triangle text-danger","label":"badge-danger","severity_id":5,"syslog_severity":3}}}},"external_alert_check":{"all":{"enabled":true,"script_conf":[]}},"iec_invalid_transition":{"all":{"enabled":true,"script_conf":{"severity":{"emoji":"⚠","i18n_title":"alerts_dashboard.warning","icon":"fas fa-exclamation-triangle text-warning","label":"badge-warning","severity_id":4,"syslog_severity":4}}}},"iec_unexpected_type_id":{"all":{"enabled":true,"script_conf":{"items":[9,13,36,45,46,48,30,103,100,37],"severity":{"emoji":"⚠","i18n_title":"alerts_dashboard.warning","icon":"fas fa-exclamation-triangle text-warning","label":"badge-warning","severity_id":4,"syslog_severity":4}}}},"invalid_dns_query":{"all":{"enabled":true,"script_conf":{"severity":{"emoji":"❗","i18n_title":"alerts_dashboard.error","icon":"fas fa-exclamation-triangle text-danger","label":"badge-danger","severity_id":5,"syslog_severity":3}}}},"known_proto_on_non_std_port":{"all":{"enabled":true,"script_conf":{"severity":{"emoji":"❗","i18n_title":"alerts_dashboard.error","icon":"fas fa-exclamation-triangle text-danger","label":"badge-danger","severity_id":5,"syslog_severity":3}}}},"long_lived":{"all":{"enabled":true,"script_conf":{"min_duration":43200,"severity":{"emoji":"❗","i18n_title":"alerts_dashboard.error","icon":"fas fa-exclamation-triangle text-danger","label":"badge-danger","severity_id":5,"syslog_severity":3}}}},"low_goodput":{"all":{"enabled":true,"script_conf":{"severity":{"emoji":"ℹ","i18n_title":"alerts_dashboard.notice","icon":"fas fa-hand-paper text-primary","label":"badge-info","severity_id":3,"syslog_severity":5}}}},"ndpi_dns_suspicious_traffic":{"all":{"enabled":true,"script_conf":{"severity":{"emoji":"❗","i18n_title":"alerts_dashboard.error","icon":"fas fa-exclamation-triangle text-danger","label":"badge-danger","severity_id":5,"syslog_severity":3}}}},"ndpi_http_numeric_ip_host":{"all":{"enabled":true,"script_conf":{"severity":{"emoji":"❗","i18n_title":"alerts_dashboard.error","icon":"fas fa-exclamation-triangle text-danger","label":"badge-danger","severity_id":5,"syslog_severity":3}}}},"ndpi_http_suspicious_header":{"all":{"enabled":true,"script_conf":{"severity":{"emoji":"❗","i18n_title":"alerts_dashboard.error","icon":"fas fa-exclamation-triangle text-danger","label":"badge-danger","severity_id":5,"syslog_severity":3}}}},"ndpi_http_suspicious_url":{"all":{"enabled":true,"script_conf":{"severity":{"emoji":"❗","i18n_title":"alerts_dashboard.error","icon":"fas fa-exclamation-triangle text-danger","label":"badge-danger","severity_id":5,"syslog_severity":3}}}},"ndpi_http_suspicious_user_agent":{"all":{"enabled":true,"script_conf":{"severity":{"emoji":"❗","i18n_title":"alerts_dashboard.error","icon":"fas fa-exclamation-triangle text-danger","label":"badge-danger","severity_id":5,"syslog_severity":3}}}},"ndpi_malformed_packet":{"all":{"enabled":true,"script_conf":{"severity":{"emoji":"❗","i18n_title":"alerts_dashboard.error","icon":"fas fa-exclamation-triangle text-danger","label":"badge-danger","severity_id":5,"syslog_severity":3}}}},"ndpi_smb_insecure_version":{"all":{"enabled":true,"script_conf":{"severity":{"emoji":"❗","i18n_title":"alerts_dashboard.error","icon":"fas fa-exclamation-triangle text-danger","label":"badge-danger","severity_id":5,"syslog_severity":3}}}},"ndpi_ssh_obsolete":{"all":{"enabled":true,"script_conf":{"severity":{"emoji":"❗","i18n_title":"alerts_dashboard.error","icon":"fas fa-exclamation-triangle text-danger","label":"badge-danger","severity_id":5,"syslog_severity":3}}}},"ndpi_suspicious_dga_domain":{"all":{"enabled":true,"script_conf":{"severity":{"emoji":"❗","i18n_title":"alerts_dashboard.error","icon":"fas fa-exclamation-triangle text-danger","label":"badge-danger","severity_id":5,"syslog_severity":3}}}},"ndpi_tls_missing_sni":{"all":{"enabled":true,"script_conf":{"severity":{"emoji":"❗","i18n_title":"alerts_dashboard.error","icon":"fas fa-exclamation-triangle text-danger","label":"badge-danger","severity_id":5,"syslog_severity":3}}}},"ndpi_tls_not_carrying_https":{"all":{"enabled":true,"script_conf":{"severity":{"emoji":"❗","i18n_title":"alerts_dashboard.error","icon":"fas fa-exclamation-triangle text-danger","label":"badge-danger","severity_id":5,"syslog_severity":3}}}},"ndpi_tls_suspicious_esni_usage":{"all":{"enabled":true,"script_conf":{"severity":{"emoji":"❗","i18n_title":"alerts_dashboard.error","icon":"fas fa-exclamation-triangle text-danger","label":"badge-danger","severity_id":5,"syslog_severity":3}}}},"ndpi_unsafe_protocol":{"all":{"enabled":true,"script_conf":{"severity":{"emoji":"❗","i18n_title":"alerts_dashboard.error","icon":"fas fa-exclamation-triangle text-danger","label":"badge-danger","severity_id":5,"syslog_severity":3}}}},"ndpi_url_possible_rce_injection":{"all":{"enabled":true,"script_conf":{"severity":{"emoji":"❗","i18n_title":"alerts_dashboard.error","icon":"fas fa-exclamation-triangle text-danger","label":"badge-danger","severity_id":5,"syslog_severity":3}}}},"ndpi_url_possible_sql_injection":{"all":{"enabled":true,"script_conf":{"severity":{"emoji":"❗","i18n_title":"alerts_dashboard.error","icon":"fas fa-exclamation-triangle text-danger","label":"badge-danger","severity_id":5,"syslog_severity":3}}}},"ndpi_url_possible_xss":{"all":{"enabled":true,"script_conf":{"severity":{"emoji":"❗","i18n_title":"alerts_dashboard.error","icon":"fas fa-exclamation-triangle text-danger","label":"badge-danger","severity_id":5,"syslog_severity":3}}}},"nedge_blocked":{"all":{"enabled":true,"script_conf":{"severity":{"emoji":"ℹ","i18n_title":"alerts_dashboard.info","icon":"fas fa-info-circle text-info","label":"badge-info","severity_id":2,"syslog_severity":6}}}},"not_purged":{"all":{"enabled":true,"script_conf":{"severity":{"emoji":"❗","i18n_title":"alerts_dashboard.error","icon":"fas fa-exclamation-triangle text-danger","label":"badge-danger","severity_id":5,"syslog_severity":3}}}},"potentially_dangerous":{"all":{"enabled":true,"script_conf":{"severity":{"emoji":"❗","i18n_title":"alerts_dashboard.error","icon":"fas fa-exclamation-triangle text-danger","label":"badge-danger","severity_id":5,"syslog_severity":3}}}},"remote_access":{"all":{"enabled":true,"script_conf":{"severity":{"emoji":"ℹ","i18n_title":"alerts_dashboard.notice","icon":"fas fa-hand-paper text-primary","label":"badge-info","severity_id":3,"syslog_severity":5}}}},"remote_to_local_insecure_proto":{"all":{"enabled":true,"script_conf":{"severity":{"emoji":"⚠","i18n_title":"alerts_dashboard.warning","icon":"fas fa-exclamation-triangle text-warning","label":"badge-warning","severity_id":4,"syslog_severity":4}}}},"remote_to_remote":{"all":{"enabled":true,"script_conf":{"severity":{"emoji":"ℹ","i18n_title":"alerts_dashboard.notice","icon":"fas fa-hand-paper text-primary","label":"badge-info","severity_id":3,"syslog_severity":5}}}},"suspicious_file_transfer":{"all":{"enabled":true,"script_conf":{"severity":{"emoji":"❗","i18n_title":"alerts_dashboard.error","icon":"fas fa-exclamation-triangle text-danger","label":"badge-danger","severity_id":5,"syslog_severity":3}}}},"suspicious_tcp_probing":{"all":{"enabled":true,"script_conf":{"severity":{"emoji":"ℹ","i18n_title":"alerts_dashboard.notice","icon":"fas fa-hand-paper text-primary","label":"badge-info","severity_id":3,"syslog_severity":5}}}},"suspicious_tcp_syn_probing":{"all":{"enabled":true,"script_conf":{"severity":{"emoji":"ℹ","i18n_title":"alerts_dashboard.info","icon":"fas fa-info-circle text-info","label":"badge-info","severity_id":2,"syslog_severity":6}}}},"tcp_connection_refused":{"all":{"enabled":true,"script_conf":{"severity":{"emoji":"ℹ","i18n_title":"alerts_dashboard.info","icon":"fas fa-info-circle text-info","label":"badge-info","severity_id":2,"syslog_severity":6}}}},"tcp_no_data_exchanged":{"all":{"enabled":true,"script_conf":{"severity":{"emoji":"⚠","i18n_title":"alerts_dashboard.warning","icon":"fas fa-exclamation-triangle text-warning","label":"badge-warning","severity_id":4,"syslog_severity":4}}}},"tls_certificate_expired":{"all":{"enabled":true,"script_conf":{"severity":{"emoji":"❗","i18n_title":"alerts_dashboard.error","icon":"fas fa-exclamation-triangle text-danger","label":"badge-danger","severity_id":5,"syslog_severity":3}}}},"tls_certificate_mismatch":{"all":{"enabled":true,"script_conf":{"severity":{"emoji":"❗","i18n_title":"alerts_dashboard.error","icon":"fas fa-exclamation-triangle text-danger","label":"badge-danger","severity_id":5,"syslog_severity":3}}}},"tls_certificate_selfsigned":{"all":{"enabled":true,"script_conf":{"severity":{"emoji":"❗","i18n_title":"alerts_dashboard.error","icon":"fas fa-exclamation-triangle text-danger","label":"badge-danger","severity_id":5,"syslog_severity":3}}}},"tls_malicious_signature":{"all":{"enabled":true,"script_conf":{"severity":{"emoji":"❗","i18n_title":"alerts_dashboard.error","icon":"fas fa-exclamation-triangle text-danger","label":"badge-danger","severity_id":5,"syslog_severity":3}}}},"tls_old_protocol_version":{"all":{"enabled":true,"script_conf":{"severity":{"emoji":"❗","i18n_title":"alerts_dashboard.error","icon":"fas fa-exclamation-triangle text-danger","label":"badge-danger","severity_id":5,"syslog_severity":3}}}},"tls_unsafe_ciphers":{"all":{"enabled":true,"script_conf":{"severity":{"emoji":"❗","i18n_title":"alerts_dashboard.error","icon":"fas fa-exclamation-triangle text-danger","label":"badge-danger","severity_id":5,"syslog_severity":3}}}},"udp_unidirectional":{"all":{"enabled":true,"script_conf":{"severity":{"emoji":"ℹ","i18n_title":"alerts_dashboard.notice","icon":"fas fa-hand-paper text-primary","label":"badge-info","severity_id":3,"syslog_severity":5}}}},"unexpected_dhcp":{"all":{"enabled":false,"script_conf":{"items":[],"severity":{"emoji":"❗","i18n_title":"alerts_dashboard.error","icon":"fas fa-exclamation-triangle text-danger","label":"badge-danger","severity_id":5,"syslog_severity":3}}}},"unexpected_dns":{"all":{"enabled":false,"script_conf":{"items":[],"severity":{"emoji":"❗","i18n_title":"alerts_dashboard.error","icon":"fas fa-exclamation-triangle text-danger","label":"badge-danger","severity_id":5,"syslog_severity":3}}}},"unexpected_ntp":{"all":{"enabled":false,"script_conf":{"items":[],"severity":{"emoji":"❗","i18n_title":"alerts_dashboard.error","icon":"fas fa-exclamation-triangle text-danger","label":"badge-danger","severity_id":5,"syslog_severity":3}}}},"unexpected_smtp":{"all":{"enabled":false,"script_conf":{"items":[],"severity":{"emoji":"❗","i18n_title":"alerts_dashboard.error","icon":"fas fa-exclamation-triangle text-danger","label":"badge-danger","severity_id":5,"syslog_severity":3}}}},"web_mining":{"all":{"enabled":true,"script_conf":{"items":[],"severity":{"emoji":"❗","i18n_title":"alerts_dashboard.error","icon":"fas fa-exclamation-triangle text-danger","label":"badge-danger","severity_id":5,"syslog_severity":3}}}},"zero_tcp_window":{"all":{"enabled":true,"script_conf":{"severity":{"emoji":"⚠","i18n_title":"alerts_dashboard.warning","icon":"fas fa-exclamation-triangle text-warning","label":"badge-warning","severity_id":4,"syslog_severity":4}}}}},"host":{"dns":{"min":{"enabled":false,"script_conf":{"operator":"gt","severity":{"emoji":"❗","i18n_title":"alerts_dashboard.error","icon":"fas fa-exclamation-triangle text-danger","label":"badge-danger","severity_id":5,"syslog_severity":3}}}},"dns_contacts":{"min":{"enabled":false,"script_conf":{"severity":{"emoji":"❗","i18n_title":"alerts_dashboard.error","icon":"fas fa-exclamation-triangle text-danger","label":"badge-danger","severity_id":5,"syslog_severity":3}}}},"flow_flood":{"min":{"enabled":false,"script_conf":{"operator":"gt","severity":{"emoji":"❗","i18n_title":"alerts_dashboard.error","icon":"fas fa-exclamation-triangle text-danger","label":"badge-danger","severity_id":5,"syslog_severity":3},"threshold":256}}},"flows_anomaly":{"min":{"enabled":true,"script_conf":{"severity":{"emoji":"⚠","i18n_title":"alerts_dashboard.warning","icon":"fas fa-exclamation-triangle text-warning","label":"badge-warning","severity_id":4,"syslog_severity":4}}}},"host_score":{"min":{"enabled":false,"script_conf":{"operator":"gt","severity":{"emoji":"❗","i18n_title":"alerts_dashboard.error","icon":"fas fa-exclamation-triangle text-danger","label":"badge-danger","severity_id":5,"syslog_severity":3},"threshold":4096}}},"ntp_contacts":{"min":{"enabled":false,"script_conf":{"severity":{"emoji":"❗","i18n_title":"alerts_dashboard.error","icon":"fas fa-exclamation-triangle text-danger","label":"badge-danger","severity_id":5,"syslog_severity":3}}}},"p2p":{"min":{"enabled":false,"script_conf":{"operator":"gt","severity":{"emoji":"❗","i18n_title":"alerts_dashboard.error","icon":"fas fa-exclamation-triangle text-danger","label":"badge-danger","severity_id":5,"syslog_severity":3}}}},"remote_connection":{"min":{"enabled":false,"script_conf":{"severity":{"emoji":"ℹ","i18n_title":"alerts_dashboard.notice","icon":"fas fa-hand-paper text-primary","label":"badge-info","severity_id":3,"syslog_severity":5}}}},"score_anomaly":{"min":{"enabled":true,"script_conf":{"severity":{"emoji":"⚠","i18n_title":"alerts_dashboard.warning","icon":"fas fa-exclamation-triangle text-warning","label":"badge-warning","severity_id":4,"syslog_severity":4}}}},"smtp_contacts":{"min":{"enabled":false,"script_conf":{"severity":{"emoji":"❗","i18n_title":"alerts_dashboard.error","icon":"fas fa-exclamation-triangle text-danger","label":"badge-danger","severity_id":5,"syslog_severity":3}}}},"syn_flood":{"min":{"enabled":false,"script_conf":{"operator":"gt","severity":{"emoji":"❗","i18n_title":"alerts_dashboard.error","icon":"fas fa-exclamation-triangle text-danger","label":"badge-danger","severity_id":5,"syslog_severity":3},"threshold":256}}},"syn_scan":{"min":{"enabled":false,"script_conf":{"operator":"gt","severity":{"emoji":"❗","i18n_title":"alerts_dashboard.error","icon":"fas fa-exclamation-triangle text-danger","label":"badge-danger","severity_id":5,"syslog_severity":3},"threshold":256}}}},"interface":{"active_local_hosts":{"5mins":{"enabled":false,"script_conf":{"severity":{"emoji":"❗","i18n_title":"alerts_dashboard.error","icon":"fas fa-exclamation-triangle text-danger","label":"badge-danger","severity_id":5,"syslog_severity":3}}},"day":{"enabled":false,"script_conf":{"severity":{"emoji":"❗","i18n_title":"alerts_dashboard.error","icon":"fas fa-exclamation-triangle text-danger","label":"badge-danger","severity_id":5,"syslog_severity":3}}},"hour":{"enabled":false,"script_conf":{"severity":{"emoji":"❗","i18n_title":"alerts_dashboard.error","icon":"fas fa-exclamation-triangle text-danger","label":"badge-danger","severity_id":5,"syslog_severity":3}}},"min":{"enabled":false,"script_conf":{"severity":{"emoji":"❗","i18n_title":"alerts_dashboard.error","icon":"fas fa-exclamation-triangle text-danger","label":"badge-danger","severity_id":5,"syslog_severity":3}}}},"bytes":{"5mins":{"enabled":false,"script_conf":{"severity":{"emoji":"❗","i18n_title":"alerts_dashboard.error","icon":"fas fa-exclamation-triangle text-danger","label":"badge-danger","severity_id":5,"syslog_severity":3}}},"day":{"enabled":false,"script_conf":{"severity":{"emoji":"❗","i18n_title":"alerts_dashboard.error","icon":"fas fa-exclamation-triangle text-danger","label":"badge-danger","severity_id":5,"syslog_severity":3}}},"hour":{"enabled":false,"script_conf":{"severity":{"emoji":"❗","i18n_title":"alerts_dashboard.error","icon":"fas fa-exclamation-triangle text-danger","label":"badge-danger","severity_id":5,"syslog_severity":3}}},"min":{"enabled":false,"script_conf":{"severity":{"emoji":"❗","i18n_title":"alerts_dashboard.error","icon":"fas fa-exclamation-triangle text-danger","label":"badge-danger","severity_id":5,"syslog_severity":3}}}},"dns":{"5mins":{"enabled":false,"script_conf":{"severity":{"emoji":"❗","i18n_title":"alerts_dashboard.error","icon":"fas fa-exclamation-triangle text-danger","label":"badge-danger","severity_id":5,"syslog_severity":3}}},"day":{"enabled":false,"script_conf":{"severity":{"emoji":"❗","i18n_title":"alerts_dashboard.error","icon":"fas fa-exclamation-triangle text-danger","label":"badge-danger","severity_id":5,"syslog_severity":3}}},"hour":{"enabled":false,"script_conf":{"severity":{"emoji":"❗","i18n_title":"alerts_dashboard.error","icon":"fas fa-exclamation-triangle text-danger","label":"badge-danger","severity_id":5,"syslog_severity":3}}},"min":{"enabled":false,"script_conf":{"severity":{"emoji":"❗","i18n_title":"alerts_dashboard.error","icon":"fas fa-exclamation-triangle text-danger","label":"badge-danger","severity_id":5,"syslog_severity":3}}}},"dropped_alerts":{"min":{"enabled":true,"script_conf":{"severity":{"emoji":"❗","i18n_title":"alerts_dashboard.error","icon":"fas fa-exclamation-triangle text-danger","label":"badge-danger","severity_id":5,"syslog_severity":3}}}},"excessive_traffic":{"day":{"enabled":false,"script_conf":[]}},"flow_calls_drops":{"min":{"enabled":true,"script_conf":{"severity":{"emoji":"❗","i18n_title":"alerts_dashboard.error","icon":"fas fa-exclamation-triangle text-danger","label":"badge-danger","severity_id":5,"syslog_severity":3}}}},"ghost_networks":{"min":{"enabled":true,"script_conf":{"severity":{"emoji":"⚠","i18n_title":"alerts_dashboard.warning","icon":"fas fa-exclamation-triangle text-warning","label":"badge-warning","severity_id":4,"syslog_severity":4}}}},"idle":{"5mins":{"enabled":false,"script_conf":{"severity":{"emoji":"❗","i18n_title":"alerts_dashboard.error","icon":"fas fa-exclamation-triangle text-danger","label":"badge-danger","severity_id":5,"syslog_severity":3}}},"day":{"enabled":false,"script_conf":{"severity":{"emoji":"❗","i18n_title":"alerts_dashboard.error","icon":"fas fa-exclamation-triangle text-danger","label":"badge-danger","severity_id":5,"syslog_severity":3}}},"hour":{"enabled":false,"script_conf":{"severity":{"emoji":"❗","i18n_title":"alerts_dashboard.error","icon":"fas fa-exclamation-triangle text-danger","label":"badge-danger","severity_id":5,"syslog_severity":3}}},"min":{"enabled":false,"script_conf":{"severity":{"emoji":"❗","i18n_title":"alerts_dashboard.error","icon":"fas fa-exclamation-triangle text-danger","label":"badge-danger","severity_id":5,"syslog_severity":3}}}},"ip_reassignment":{"min":{"enabled":false,"script_conf":[]}},"lateral_movement":{"min":{"enabled":true,"script_conf":{"severity":{"emoji":"ℹ","i18n_title":"alerts_dashboard.info","icon":"fas fa-info-circle text-info","label":"badge-info","severity_id":2,"syslog_severity":6}}}},"no_if_activity":{"min":{"enabled":true,"script_conf":{"severity":{"emoji":"❗","i18n_title":"alerts_dashboard.error","icon":"fas fa-exclamation-triangle text-danger","label":"badge-danger","severity_id":5,"syslog_severity":3}}}},"p2p":{"5mins":{"enabled":false,"script_conf":{"severity":{"emoji":"❗","i18n_title":"alerts_dashboard.error","icon":"fas fa-exclamation-triangle text-danger","label":"badge-danger","severity_id":5,"syslog_severity":3}}},"day":{"enabled":false,"script_conf":{"severity":{"emoji":"❗","i18n_title":"alerts_dashboard.error","icon":"fas fa-exclamation-triangle text-danger","label":"badge-danger","severity_id":5,"syslog_severity":3}}},"hour":{"enabled":false,"script_conf":{"severity":{"emoji":"❗","i18n_title":"alerts_dashboard.error","icon":"fas fa-exclamation-triangle text-danger","label":"badge-danger","severity_id":5,"syslog_severity":3}}},"min":{"enabled":false,"script_conf":{"severity":{"emoji":"❗","i18n_title":"alerts_dashboard.error","icon":"fas fa-exclamation-triangle text-danger","label":"badge-danger","severity_id":5,"syslog_severity":3}}}},"packets":{"5mins":{"enabled":false,"script_conf":{"severity":{"emoji":"❗","i18n_title":"alerts_dashboard.error","icon":"fas fa-exclamation-triangle text-danger","label":"badge-danger","severity_id":5,"syslog_severity":3}}},"day":{"enabled":false,"script_conf":{"severity":{"emoji":"❗","i18n_title":"alerts_dashboard.error","icon":"fas fa-exclamation-triangle text-danger","label":"badge-danger","severity_id":5,"syslog_severity":3}}},"hour":{"enabled":false,"script_conf":{"severity":{"emoji":"❗","i18n_title":"alerts_dashboard.error","icon":"fas fa-exclamation-triangle text-danger","label":"badge-danger","severity_id":5,"syslog_severity":3}}},"min":{"enabled":false,"script_conf":{"severity":{"emoji":"❗","i18n_title":"alerts_dashboard.error","icon":"fas fa-exclamation-triangle text-danger","label":"badge-danger","severity_id":5,"syslog_severity":3}}}},"periodic_activity_not_executed":{"min":{"enabled":true,"script_conf":{"severity":{"emoji":"⚠","i18n_title":"alerts_dashboard.warning","icon":"fas fa-exclamation-triangle text-warning","label":"badge-warning","severity_id":4,"syslog_severity":4}}}},"periodicity_update":{"min":{"enabled":true,"script_conf":{"severity":{"emoji":"ℹ","i18n_title":"alerts_dashboard.info","icon":"fas fa-info-circle text-info","label":"badge-info","severity_id":2,"syslog_severity":6}}}},"pool_connection_disconnection":{"min":{"enabled":false,"script_conf":{"severity":{"emoji":"⚠","i18n_title":"alerts_dashboard.warning","icon":"fas fa-exclamation-triangle text-warning","label":"badge-warning","severity_id":4,"syslog_severity":4}}}},"pool_quota_exceeded":{"min":{"enabled":false,"script_conf":{"severity":{"emoji":"⚠","i18n_title":"alerts_dashboard.warning","icon":"fas fa-exclamation-triangle text-warning","label":"badge-warning","severity_id":4,"syslog_severity":4}}}},"slow_periodic_activity":{"min":{"enabled":true,"script_conf":{"severity":{"emoji":"⚠","i18n_title":"alerts_dashboard.warning","icon":"fas fa-exclamation-triangle text-warning","label":"badge-warning","severity_id":4,"syslog_severity":4}}}},"slow_purge":{"min":{"enabled":true,"script_conf":{"operator":"gt","severity":{"emoji":"⚠","i18n_title":"alerts_dashboard.warning","icon":"fas fa-exclamation-triangle text-warning","label":"badge-warning","severity_id":4,"syslog_severity":4},"threshold":50}}},"throughput":{"5mins":{"enabled":false,"script_conf":{"severity":{"emoji":"❗","i18n_title":"alerts_dashboard.error","icon":"fas fa-exclamation-triangle text-danger","label":"badge-danger","severity_id":5,"syslog_severity":3}}},"day":{"enabled":false,"script_conf":{"severity":{"emoji":"❗","i18n_title":"alerts_dashboard.error","icon":"fas fa-exclamation-triangle text-danger","label":"badge-danger","severity_id":5,"syslog_severity":3}}},"hour":{"enabled":false,"script_conf":{"severity":{"emoji":"❗","i18n_title":"alerts_dashboard.error","icon":"fas fa-exclamation-triangle text-danger","label":"badge-danger","severity_id":5,"syslog_severity":3}}},"min":{"enabled":false,"script_conf":{"severity":{"emoji":"❗","i18n_title":"alerts_dashboard.error","icon":"fas fa-exclamation-triangle text-danger","label":"badge-danger","severity_id":5,"syslog_severity":3}}}},"too_many_drops":{"min":{"enabled":true,"script_conf":{"operator":"gt","severity":{"emoji":"❗","i18n_title":"alerts_dashboard.error","icon":"fas fa-exclamation-triangle text-danger","label":"badge-danger","severity_id":5,"syslog_severity":3},"threshold":5}}},"too_many_flows":{"min":{"enabled":true,"script_conf":{"severity":{"emoji":"⚠","i18n_title":"alerts_dashboard.warning","icon":"fas fa-exclamation-triangle text-warning","label":"badge-warning","severity_id":4,"syslog_severity":4}}}},"too_many_hosts":{"min":{"enabled":true,"script_conf":{"severity":{"emoji":"⚠","i18n_title":"alerts_dashboard.warning","icon":"fas fa-exclamation-triangle text-warning","label":"badge-warning","severity_id":4,"syslog_severity":4}}}},"unexpected_new_device":{"min":{"enabled":false,"script_conf":{"items":[],"severity":{"emoji":"⚠","i18n_title":"alerts_dashboard.warning","icon":"fas fa-exclamation-triangle text-warning","label":"badge-warning","severity_id":4,"syslog_severity":4}}}}},"network":{"egress":{"5mins":{"enabled":false,"script_conf":{"operator":"gt","severity":{"emoji":"❗","i18n_title":"alerts_dashboard.error","icon":"fas fa-exclamation-triangle text-danger","label":"badge-danger","severity_id":5,"syslog_severity":3},"threshold":1073741824}},"day":{"enabled":false,"script_conf":{"operator":"gt","severity":{"emoji":"❗","i18n_title":"alerts_dashboard.error","icon":"fas fa-exclamation-triangle text-danger","label":"badge-danger","severity_id":5,"syslog_severity":3},"threshold":1073741824}},"hour":{"enabled":false,"script_conf":{"operator":"gt","severity":{"emoji":"❗","i18n_title":"alerts_dashboard.error","icon":"fas fa-exclamation-triangle text-danger","label":"badge-danger","severity_id":5,"syslog_severity":3},"threshold":1073741824}},"min":{"enabled":false,"script_conf":{"operator":"gt","severity":{"emoji":"❗","i18n_title":"alerts_dashboard.error","icon":"fas fa-exclamation-triangle text-danger","label":"badge-danger","severity_id":5,"syslog_severity":3},"threshold":1073741824}}},"flow_flood_victim":{"min":{"enabled":false,"script_conf":{"operator":"gt","severity":{"emoji":"❗","i18n_title":"alerts_dashboard.error","icon":"fas fa-exclamation-triangle text-danger","label":"badge-danger","severity_id":5,"syslog_severity":3},"threshold":32768}}},"ingress":{"5mins":{"enabled":false,"script_conf":{"operator":"gt","severity":{"emoji":"❗","i18n_title":"alerts_dashboard.error","icon":"fas fa-exclamation-triangle text-danger","label":"badge-danger","severity_id":5,"syslog_severity":3},"threshold":1073741824}},"day":{"enabled":false,"script_conf":{"operator":"gt","severity":{"emoji":"❗","i18n_title":"alerts_dashboard.error","icon":"fas fa-exclamation-triangle text-danger","label":"badge-danger","severity_id":5,"syslog_severity":3},"threshold":1073741824}},"hour":{"enabled":false,"script_conf":{"operator":"gt","severity":{"emoji":"❗","i18n_title":"alerts_dashboard.error","icon":"fas fa-exclamation-triangle text-danger","label":"badge-danger","severity_id":5,"syslog_severity":3},"threshold":1073741824}},"min":{"enabled":false,"script_conf":{"operator":"gt","severity":{"emoji":"❗","i18n_title":"alerts_dashboard.error","icon":"fas fa-exclamation-triangle text-danger","label":"badge-danger","severity_id":5,"syslog_severity":3},"threshold":1073741824}}},"inner":{"5mins":{"enabled":false,"script_conf":{"operator":"gt","severity":{"emoji":"❗","i18n_title":"alerts_dashboard.error","icon":"fas fa-exclamation-triangle text-danger","label":"badge-danger","severity_id":5,"syslog_severity":3},"threshold":1073741824}},"day":{"enabled":false,"script_conf":{"operator":"gt","severity":{"emoji":"❗","i18n_title":"alerts_dashboard.error","icon":"fas fa-exclamation-triangle text-danger","label":"badge-danger","severity_id":5,"syslog_severity":3},"threshold":1073741824}},"hour":{"enabled":false,"script_conf":{"operator":"gt","severity":{"emoji":"❗","i18n_title":"alerts_dashboard.error","icon":"fas fa-exclamation-triangle text-danger","label":"badge-danger","severity_id":5,"syslog_severity":3},"threshold":1073741824}},"min":{"enabled":false,"script_conf":{"operator":"gt","severity":{"emoji":"❗","i18n_title":"alerts_dashboard.error","icon":"fas fa-exclamation-triangle text-danger","label":"badge-danger","severity_id":5,"syslog_severity":3},"threshold":1073741824}}},"syn_flood_victim":{"min":{"enabled":false,"script_conf":{"operator":"gt","severity":{"emoji":"❗","i18n_title":"alerts_dashboard.error","icon":"fas fa-exclamation-triangle text-danger","label":"badge-danger","severity_id":5,"syslog_severity":3},"threshold":32768}}},"syn_scan_victim":{"min":{"enabled":false,"script_conf":{"operator":"gt","severity":{"emoji":"❗","i18n_title":"alerts_dashboard.error","icon":"fas fa-exclamation-triangle text-danger","label":"badge-danger","severity_id":5,"syslog_severity":3},"threshold":32768}}}},"snmp_device":{"lldp_topology_changed":{"all":{"enabled":false,"script_conf":[]}},"snmp_device_interface_discards_errors":{"all":{"enabled":true,"script_conf":[]}},"snmp_device_interface_duplex_status_change":{"all":{"enabled":true,"script_conf":[]}},"snmp_device_interface_load":{"all":{"enabled":true,"script_conf":{"operator":"gt","threshold":99}}},"snmp_device_interface_mac_changed":{"all":{"enabled":true,"script_conf":[]}},"snmp_device_interface_status_change":{"all":{"enabled":true,"script_conf":[]}},"snmp_device_reset":{"all":{"enabled":true,"script_conf":[]}}},"syslog":{"fortinet":{"all":{"enabled":true,"script_conf":[]}},"host_log":{"all":{"enabled":true,"script_conf":{"operator":"lt","threshold":5}}},"ngi_trust":{"all":{"enabled":true,"script_conf":[]}},"openvpn":{"all":{"enabled":true,"script_conf":[]}},"opnsense":{"all":{"enabled":true,"script_conf":[]}},"sonicwall":{"all":{"enabled":true,"script_conf":[]}},"sophos":{"all":{"enabled":true,"script_conf":[]}},"suricata":{"all":{"enabled":true,"script_conf":[]}}},"system":{"active_monitoring":{"5mins":{"enabled":true,"script_conf":[]},"hour":{"enabled":true,"script_conf":[]},"min":{"enabled":true,"script_conf":[]}},"alerts_ts":{"min":{"enabled":true,"script_conf":[]}},"disk_monitor":{"hour":{"enabled":true,"script_conf":[]}},"dropped_alerts":{"min":{"enabled":true,"script_conf":{"severity":{"emoji":"❗","i18n_title":"alerts_dashboard.error","icon":"fas fa-exclamation-triangle text-danger","label":"badge-danger","severity_id":5,"syslog_severity":3}}}},"influxdb_monitor":{"5mins":{"enabled":true,"script_conf":[]},"min":{"enabled":true,"script_conf":[]}},"memory_ts":{"min":{"enabled":true,"script_conf":[]}},"periodic_activity_not_executed":{"min":{"enabled":true,"script_conf":{"severity":{"emoji":"⚠","i18n_title":"alerts_dashboard.warning","icon":"fas fa-exclamation-triangle text-warning","label":"badge-warning","severity_id":4,"syslog_severity":4}}}},"redis_monitor":{"min":{"enabled":true,"script_conf":[]}},"slow_periodic_activity":{"min":{"enabled":true,"script_conf":{"severity":{"emoji":"❗","i18n_title":"alerts_dashboard.error","icon":"fas fa-exclamation-triangle text-danger","label":"badge-danger","severity_id":5,"syslog_severity":3}}}}}},"filters":{"flow":{"elephant_flows":[{"l7_cat":"DataTransfer"},{"l7_cat":"Cloud"},{"l7_cat":"SoftwareUpdate"},{"l7_cat":"Streaming"},{"l7_cat":"VPN"}],"invalid_dns_query":[{"info":"sophosxl.net"}],"long_lived":[{"l7_cat":"Database"}],"low_goodput":[{"l7_proto":8},{"l7_proto":26},{"l7_proto":39},{"l7_proto":48},{"l7_proto":65},{"l7_proto":77},{"l7_proto":92},{"l7_proto":142},{"l7_proto":185},{"l7_proto":193},{"l7_proto":197}]}}}}}
