{"rc":0,"rc_str":"OK","rc_str_hr":"Success","rsp":{"ICMPv4":[],"active_alerted_flows":40,"active_flows.as_client":177,"active_flows.as_server":1,"active_flows_behaviour":{"as_client":{"anomaly":false,"lower_bound":154,"upper_bound":181,"value":177},"as_server":{"anomaly":false,"lower_bound":0,"upper_bound":2,"value":1},"tot_num_anomalies":0},"active_http_hosts":0,"alerted_flows.as_client":40,"alerted_flows.as_server":0,"asn":0,"asname":"","broadcast_domain_host":false,"bytes.ndpi.unknown":12598,"bytes.rcvd":3413100,"bytes.rcvd.anomaly_index":0,"bytes.sent":213477,"bytes.sent.anomaly_index":0,"bytes_ratio":-0.88227081298828,"cardinality":{"num_contacted_hosts_as_client":36,"num_contacted_ports_as_client":4,"num_contacted_services_as_client":45,"num_host_contacted_ports_as_server":1,"num_host_contacts_as_server":1},"city":"","contacted_hosts_behaviour":{"anomaly":false,"lower_bound":16,"upper_bound":20,"value":17.342973709106},"contacts.as_client":18,"contacts.as_server":1,"continent":"","country":"","devtype":0,"dhcpHost":false,"dns":{"rcvd":{"num_queries":0,"num_replies_error":0,"num_replies_ok":45,"queries":{"num_a":0,"num_aaaa":0,"num_any":0,"num_cname":0,"num_mx":0,"num_ns":0,"num_other":0,"num_ptr":0,"num_soa":0,"num_txt":0}},"sent":{"num_queries":45,"num_replies_error":0,"num_replies_ok":0,"queries":{"num_a":45,"num_aaaa":0,"num_any":0,"num_cname":0,"num_mx":0,"num_ns":0,"num_other":0,"num_ptr":0,"num_soa":0,"num_txt":0}}},"dscp":{"cs0":{"bytes.rcvd":3413100,"bytes.sent":213477,"packets.rcvd":3054,"packets.sent":2037}},"duration":28850773,"flows.as_client":177,"flows.as_server":1,"hassh_fingerprint":[],"hiddenFromTop":false,"hits.flow_flood_attacker":23,"host_pool_id":0,"host_services_bitmap":0,"host_unreachable_flows.as_client":0,"host_unreachable_flows.as_server":0,"http":{"receiver":{"query":{"num_get":0,"num_head":0,"num_other":0,"num_post":0,"num_put":0,"total":0},"rate":{"query":{"get":0,"head":0,"other":0,"post":0,"put":0},"response":{"1xx":0,"2xx":8,"3xx":0,"4xx":0,"5xx":0}},"response":{"num_1xx":0,"num_2xx":33,"num_3xx":0,"num_4xx":0,"num_5xx":0,"total":33}},"sender":{"query":{"num_get":33,"num_head":0,"num_other":0,"num_post":0,"num_put":0,"total":33},"rate":{"query":{"get":8,"head":0,"other":0,"post":0,"put":0},"response":{"1xx":0,"2xx":0,"3xx":0,"4xx":0,"5xx":0}},"response":{"num_1xx":0,"num_2xx":0,"num_3xx":0,"num_4xx":0,"num_5xx":0,"total":0}},"virtual_hosts":[]},"icmp.bytes.rcvd":0,"icmp.bytes.rcvd.anomaly_index":0,"icmp.bytes.sent":0,"icmp.bytes.sent.anomaly_index":0,"icmp.packets.rcvd":0,"icmp.packets.sent":0,"ifid":0,"ip":"192.168.1.93","ipkey":3232235869,"is_blacklisted":false,"is_broadcast":false,"is_multicast":false,"ja3_fingerprint":{"43fb797519e1a449ff3b09bda3556c17":{"app_name":"","is_malicious":false,"num_uses":3},"7570245c781d7d7a68e31419177e728d":{"app_name":"","is_malicious":false,"num_uses":22},"a69708a64f853c3bcc214c2c5faf84f3":{"app_name":"","is_malicious":false,"num_uses":59},"d78489b860c8bf7838a6ff0b4d131541":{"app_name":"","is_malicious":false,"num_uses":2},"ee4ced3f2d15de4b5cb6fb0a894fec9f":{"app_name":"","is_malicious":false,"num_uses":1}},"latitude":0,"local_network_id":0,"local_network_name":"192.168.1.0/24","localhost":true,"longitude":0,"mac":"28:37:37:00:6D:C8","name":"Luca’s iMac","names":{"mdns":"Luca’s iMac"},"ndpi":{"Amazon":{"breed":"Acceptable","bytes.rcvd":3841,"bytes.sent":913,"duration":5,"num_flows":0,"packets.rcvd":7,"packets.sent":8},"DNS":{"breed":"Acceptable","bytes.rcvd":6898,"bytes.sent":4478,"duration":5,"num_flows":38,"packets.rcvd":90,"packets.sent":90},"Facebook":{"breed":"Fun","bytes.rcvd":209668,"bytes.sent":22403,"duration":5,"num_flows":5,"packets.rcvd":203,"packets.sent":170},"Google":{"breed":"Tracker/Ads","bytes.rcvd":18259,"bytes.sent":7426,"duration":5,"num_flows":13,"packets.rcvd":54,"packets.sent":66},"GoogleServices":{"breed":"Acceptable","bytes.rcvd":116910,"bytes.sent":9498,"duration":5,"num_flows":5,"packets.rcvd":115,"packets.sent":99},"HTTP":{"breed":"Acceptable","bytes.rcvd":18932,"bytes.sent":22857,"duration":5,"num_flows":25,"packets.rcvd":172,"packets.sent":204},"MDNS":{"breed":"Acceptable","bytes.rcvd":0,"bytes.sent":340,"duration":5,"num_flows":0,"packets.rcvd":0,"packets.sent":2},"TLS":{"breed":"Safe","bytes.rcvd":2989255,"bytes.sent":129179,"duration":10,"num_flows":61,"packets.rcvd":2288,"packets.sent":1246},"Unknown":{"breed":"Unrated","bytes.rcvd":7283,"bytes.sent":5315,"duration":10,"num_flows":1,"packets.rcvd":34,"packets.sent":46},"ntop":{"breed":"Safe","bytes.rcvd":42054,"bytes.sent":11068,"duration":10,"num_flows":0,"packets.rcvd":91,"packets.sent":106}},"ndpi_categories":{"Network":{"bytes":9588,"bytes.rcvd":5690,"bytes.sent":3898,"category":14,"duration":5},"SocialNetwork":{"bytes":232810,"bytes.rcvd":210113,"bytes.sent":22697,"category":6,"duration":5},"Unspecified":{"bytes":12598,"bytes.rcvd":7283,"bytes.sent":5315,"category":0,"duration":10},"Web":{"bytes":3371581,"bytes.rcvd":3190014,"bytes.sent":181567,"category":5,"duration":10}},"num_alerts":0,"num_flow_alerts":0,"os":0,"os_detail":"","other_ip.bytes.rcvd":0,"other_ip.bytes.rcvd.anomaly_index":0,"other_ip.bytes.sent":0,"other_ip.bytes.sent.anomaly_index":0,"other_ip.packets.rcvd":0,"other_ip.packets.sent":0,"packets.rcvd":3054,"packets.rcvd.anomaly_index":0,"packets.sent":2037,"packets.sent.anomaly_index":0,"pktStats.recv":{"size":{"above9000":0,"upTo1024":102,"upTo128":559,"upTo1518":2174,"upTo2500":0,"upTo256":71,"upTo512":100,"upTo64":3,"upTo6500":0,"upTo9000":0},"tcp_flags":{"finack":73,"rst":0,"syn":0,"synack":130}},"pktStats.sent":{"size":{"above9000":0,"upTo1024":26,"upTo128":1700,"upTo1518":12,"upTo2500":0,"upTo256":129,"upTo512":119,"upTo64":5,"upTo6500":0,"upTo9000":0},"tcp_flags":{"finack":83,"rst":3,"syn":124,"synack":0}},"pkts_ratio":-0.19976429641247,"privatehost":true,"score":3700,"score.as_client":3700,"score.as_server":0,"score.total":3700,"score_behaviour":{"as_client":{"anomaly":false,"lower_bound":3139,"upper_bound":3791,"value":3700},"as_server":{"anomaly":false,"lower_bound":0,"upper_bound":1,"value":0},"tot_num_anomalies":0},"score_pct":{"score_breakdown_client":{"0":0,"1":100},"score_breakdown_server":{"0":0,"1":0}},"seen.first":1589741863,"seen.last":1618592635,"server_contacts":{"dns":1,"ntp":0,"smtp":0},"systemhost":false,"tcp.bytes.rcvd":3406202,"tcp.bytes.rcvd.anomaly_index":0,"tcp.bytes.sent":208659,"tcp.bytes.sent.anomaly_index":0,"tcp.packets.rcvd":2964,"tcp.packets.sent":1945,"tcp.packets.seq_problems":true,"tcpPacketStats.rcvd":{"keep_alive":0,"lost":0,"out_of_order":0,"retransmissions":8},"tcpPacketStats.sent":{"keep_alive":0,"lost":0,"out_of_order":0,"retransmissions":2},"throughput_bps":0.063661329448223,"throughput_pps":5.2442283049459e-05,"throughput_trend_bps":2,"throughput_trend_pps":2,"total_activity_time":15,"total_alerts":40,"total_flows.as_client":177,"total_flows.as_server":1,"tskey":"192.168.1.93","udp.bytes.rcvd":6898,"udp.bytes.rcvd.anomaly_index":0,"udp.bytes.sent":4818,"udp.bytes.sent.anomaly_index":0,"udp.packets.rcvd":90,"udp.packets.sent":92,"udpBytesSent.non_unicast":0,"udpBytesSent.unicast":4818,"unreachable_flows.as_client":0,"unreachable_flows.as_server":0,"vlan":0}}
