{"rc":0,"rc_str":"OK","rc_str_hr":"Success","rsp":{"currentPage":1,"data":[{"breakdown":{"cli2srv":1,"srv2cli":99},"bytes":2356772,"client":{"ip":"192.168.1.93","is_blacklisted":false,"is_broadcast_domain":false,"is_dhcp":false,"name":"192.168.1.93","port":61683},"duration":1,"first_seen":1589741868,"hash_id":"163","key":"3382381902","last_seen":1589741869,"protocol":{"l4":"TCP","l7":"TLS"},"score":"20","server":{"ip":"8.241.92.250","is_blacklisted":false,"is_broadcast":false,"is_dhcp":false,"name":"8.241.92.250","port":443},"thpt":{"bps":0.50160723924637,"pps":4.9808615585789e-05},"vlan":0},{"breakdown":{"cli2srv":4,"srv2cli":96},"bytes":188958,"client":{"ip":"192.168.1.93","is_blacklisted":false,"is_broadcast_domain":false,"is_dhcp":false,"name":"192.168.1.93","port":61567},"duration":0,"first_seen":1589741865,"hash_id":"23","key":"3753284184","last_seen":1589741865,"protocol":{"l4":"TCP","l7":"TLS.Facebook"},"score":"20","server":{"ip":"31.13.86.4","is_blacklisted":false,"is_broadcast":false,"is_dhcp":false,"name":"31.13.86.4","port":443},"thpt":{"bps":0,"pps":0},"vlan":0},{"breakdown":{"cli2srv":5,"srv2cli":95},"bytes":143173,"client":{"ip":"192.168.1.93","is_blacklisted":false,"is_broadcast_domain":false,"is_dhcp":false,"name":"192.168.1.93","port":61564},"duration":2,"first_seen":1589741865,"hash_id":"19","key":"3465125838","last_seen":1589741867,"protocol":{"l4":"TCP","l7":"TLS"},"score":"20","server":{"ip":"13.224.102.122","is_blacklisted":false,"is_broadcast":false,"is_dhcp":false,"name":"13.224.102.122","port":443},"thpt":{"bps":0,"pps":0},"vlan":0},{"breakdown":{"cli2srv":5,"srv2cli":95},"bytes":125927,"client":{"ip":"192.168.1.93","is_blacklisted":false,"is_broadcast_domain":false,"is_dhcp":false,"name":"192.168.1.93","port":61562},"duration":2,"first_seen":1589741864,"hash_id":"12","key":"488910512","last_seen":1589741866,"protocol":{"l4":"TCP","l7":"TLS"},"score":"20","server":{"ip":"92.122.247.92","is_blacklisted":false,"is_broadcast":false,"is_dhcp":false,"name":"92.122.247.92","port":443},"thpt":{"bps":0,"pps":0},"vlan":0},{"breakdown":{"cli2srv":16,"srv2cli":84},"bytes":125046,"client":{"ip":"192.168.1.93","is_blacklisted":false,"is_broadcast_domain":false,"is_dhcp":false,"name":"192.168.1.93","port":61571},"duration":4,"first_seen":1589741865,"hash_id":"30","key":"3465127602","last_seen":1589741869,"protocol":{"l4":"TCP","l7":"TLS"},"score":"20","server":{"ip":"13.224.102.94","is_blacklisted":false,"is_broadcast":false,"is_dhcp":false,"name":"13.224.102.94","port":443},"thpt":{"bps":0.00027895596576855,"pps":1.3864611503323e-07},"vlan":0},{"breakdown":{"cli2srv":4,"srv2cli":96},"bytes":111971,"client":{"ip":"192.168.1.93","is_blacklisted":false,"is_broadcast_domain":false,"is_dhcp":false,"name":"192.168.1.93","port":61579},"duration":0,"first_seen":1589741865,"hash_id":"39","key":"689156813","last_seen":1589741865,"protocol":{"l4":"TCP","l7":"TLS"},"score":"20","server":{"ip":"104.106.106.121","is_blacklisted":false,"is_broadcast":false,"is_dhcp":false,"name":"104.106.106.121","port":443},"thpt":{"bps":0,"pps":0},"vlan":0},{"breakdown":{"cli2srv":4,"srv2cli":96},"bytes":105358,"client":{"ip":"192.168.1.93","is_blacklisted":false,"is_broadcast_domain":false,"is_dhcp":false,"name":"192.168.1.93","port":61634},"duration":1,"first_seen":1589741866,"hash_id":"120","key":"2565099518","last_seen":1589741867,"protocol":{"l4":"TCP","l7":"TLS.GoogleServices"},"score":"0","server":{"ip":"216.58.208.170","is_blacklisted":false,"is_broadcast":false,"is_dhcp":false,"name":"216.58.208.170","port":443},"thpt":{"bps":0,"pps":0},"vlan":0},{"breakdown":{"cli2srv":16,"srv2cli":84},"bytes":25520,"client":{"ip":"192.168.1.93","is_blacklisted":false,"is_broadcast_domain":false,"is_dhcp":false,"name":"192.168.1.93","port":61606},"duration":1,"first_seen":1589741865,"hash_id":"77","key":"3465136597","last_seen":1589741866,"protocol":{"l4":"TCP","l7":"TLS"},"score":"20","server":{"ip":"13.224.102.129","is_blacklisted":false,"is_broadcast":false,"is_dhcp":false,"name":"13.224.102.129","port":443},"thpt":{"bps":0,"pps":0},"vlan":0},{"breakdown":{"cli2srv":14,"srv2cli":86},"bytes":13824,"client":{"ip":"192.168.1.93","is_blacklisted":false,"is_broadcast_domain":false,"is_dhcp":false,"name":"192.168.1.93","port":61661},"duration":0,"first_seen":1589741867,"hash_id":"142","key":"3465150642","last_seen":1589741867,"protocol":{"l4":"TCP","l7":"TLS"},"score":"20","server":{"ip":"13.224.102.94","is_blacklisted":false,"is_broadcast":false,"is_dhcp":false,"name":"13.224.102.94","port":443},"thpt":{"bps":0,"pps":0},"vlan":0},{"breakdown":{"cli2srv":61,"srv2cli":39},"bytes":11562,"client":{"ip":"192.168.1.93","is_blacklisted":false,"is_broadcast_domain":false,"is_dhcp":false,"name":"192.168.1.93","port":61687},"duration":0,"first_seen":1589741868,"hash_id":"169","key":"3753314936","last_seen":1589741868,"protocol":{"l4":"TCP","l7":"TLS.Facebook"},"score":"20","server":{"ip":"31.13.86.36","is_blacklisted":false,"is_broadcast":false,"is_dhcp":false,"name":"31.13.86.36","port":443},"thpt":{"bps":0,"pps":0},"vlan":0}],"perPage":10,"sort":[["column_","desc"]],"totalRows":178}}
