{"success":true}
{"rc":0,"rc_str":"OK","rc_str_hr":"Success","recordsFiltered":166,"recordsTotal":166,"rsp":{"records":[{"date":1618579535,"msg":"","score":120,"severity":"error","type":"alert_ndpi_suspicious_dga_domain"},{"date":1618579535,"msg":"[24/08/2019 20:04:13 - 22/11/2019 20:04:13]","score":220,"severity":"error","type":"alert_tls_certificate_expired"},{"date":1618579535,"msg":"[24/08/2019 20:04:13 - 22/11/2019 20:04:13]","score":220,"severity":"error","type":"alert_tls_certificate_expired"},{"date":1618579535,"msg":"[24/08/2019 20:04:13 - 22/11/2019 20:04:13]","score":220,"severity":"error","type":"alert_tls_certificate_expired"},{"date":1618579535,"msg":"[24/08/2019 20:04:13 - 22/11/2019 20:04:13]","score":220,"severity":"error","type":"alert_tls_certificate_expired"},{"date":1618579535,"msg":"[24/08/2019 20:04:13 - 22/11/2019 20:04:13]","score":220,"severity":"error","type":"alert_tls_certificate_expired"},{"date":1618579535,"msg":" [ Suspicious DGA Domain Contacted : cdn.krxd.net ] ","score":120,"severity":"error","type":"alert_ndpi_suspicious_dga_domain"},{"date":1618579535,"msg":"[24/08/2019 20:04:13 - 22/11/2019 20:04:13]","score":220,"severity":"error","type":"alert_tls_certificate_expired"},{"date":1618579535,"msg":"[24/08/2019 20:04:13 - 22/11/2019 20:04:13]","score":220,"severity":"error","type":"alert_tls_certificate_expired"},{"date":1618579535,"msg":" [ Suspicious DGA Domain Contacted : cdn.krxd.net ] ","score":120,"severity":"error","type":"alert_ndpi_suspicious_dga_domain"},{"date":1618579535,"msg":"[24/08/2019 20:04:13 - 22/11/2019 20:04:13]","score":220,"severity":"error","type":"alert_tls_certificate_expired"},{"date":1618579535,"msg":"[24/08/2019 20:04:13 - 22/11/2019 20:04:13]","score":220,"severity":"error","type":"alert_tls_certificate_expired"},{"date":1618579535,"msg":"[24/08/2019 20:04:13 - 22/11/2019 20:04:13]","score":220,"severity":"error","type":"alert_tls_certificate_expired"},{"date":1618579535,"msg":"[24/08/2019 20:04:13 - 22/11/2019 20:04:13]","score":220,"severity":"error","type":"alert_tls_certificate_expired"},{"date":1618579535,"msg":"[24/08/2019 20:04:13 - 22/11/2019 20:04:13]","score":220,"severity":"error","type":"alert_tls_certificate_expired"},{"date":1618579535,"msg":"[24/08/2019 20:04:13 - 22/11/2019 20:04:13]","score":220,"severity":"error","type":"alert_tls_certificate_expired"},{"date":1618579535,"msg":"[24/08/2019 20:04:13 - 22/11/2019 20:04:13]","score":220,"severity":"error","type":"alert_tls_certificate_expired"},{"date":1618579535,"msg":"[24/08/2019 20:04:13 - 22/11/2019 20:04:13]","score":220,"severity":"error","type":"alert_tls_certificate_expired"},{"date":1618579535,"msg":"[24/08/2019 20:04:13 - 22/11/2019 20:04:13]","score":220,"severity":"error","type":"alert_tls_certificate_expired"},{"date":1618579535,"msg":"[24/08/2019 20:04:13 - 22/11/2019 20:04:13]","score":220,"severity":"error","type":"alert_tls_certificate_expired"},{"date":1618579535,"msg":"[24/08/2019 20:04:13 - 22/11/2019 20:04:13]","score":220,"severity":"error","type":"alert_tls_certificate_expired"},{"date":1618579535,"msg":"","score":120,"severity":"error","type":"alert_tls_certificate_mismatch"},{"date":1618579535,"msg":"[24/08/2019 20:04:13 - 22/11/2019 20:04:13]","score":220,"severity":"error","type":"alert_tls_certificate_expired"},{"date":1618579535,"msg":"[24/08/2019 20:04:13 - 22/11/2019 20:04:13]","score":220,"severity":"error","type":"alert_tls_certificate_expired"},{"date":1618579535,"msg":"[24/08/2019 20:04:13 - 22/11/2019 20:04:13]","score":220,"severity":"error","type":"alert_tls_certificate_expired"},{"date":1618579535,"msg":"[24/08/2019 20:04:13 - 22/11/2019 20:04:13]","score":220,"severity":"error","type":"alert_tls_certificate_expired"},{"date":1618579535,"msg":"[24/08/2019 20:04:13 - 22/11/2019 20:04:13]","score":220,"severity":"error","type":"alert_tls_certificate_expired"},{"date":1618579535,"msg":"[24/08/2019 20:04:13 - 22/11/2019 20:04:13]","score":220,"severity":"error","type":"alert_tls_certificate_expired"},{"date":1618579535,"msg":"[24/08/2019 20:04:13 - 22/11/2019 20:04:13]","score":220,"severity":"error","type":"alert_tls_certificate_expired"},{"date":1618579535,"msg":"[24/08/2019 20:04:13 - 22/11/2019 20:04:13]","score":220,"severity":"error","type":"alert_tls_certificate_expired"},{"date":1618579535,"msg":"[24/08/2019 20:04:13 - 22/11/2019 20:04:13]","score":220,"severity":"error","type":"alert_tls_certificate_expired"},{"date":1618579535,"msg":"[24/08/2019 20:04:13 - 22/11/2019 20:04:13]","score":220,"severity":"error","type":"alert_tls_certificate_expired"},{"date":1618579535,"msg":"","score":120,"severity":"error","type":"alert_ndpi_suspicious_dga_domain"},{"date":1618579535,"msg":"[24/08/2019 20:04:13 - 22/11/2019 20:04:13]","score":220,"severity":"error","type":"alert_tls_certificate_expired"},{"date":1618579535,"msg":"[24/08/2019 20:04:13 - 22/11/2019 20:04:13]","score":220,"severity":"error","type":"alert_tls_certificate_expired"},{"date":1618579535,"msg":"[24/08/2019 20:04:13 - 22/11/2019 20:04:13]","score":220,"severity":"error","type":"alert_tls_certificate_expired"},{"date":1618579535,"msg":"[24/08/2019 20:04:13 - 22/11/2019 20:04:13]","score":220,"severity":"error","type":"alert_tls_certificate_expired"},{"date":1618579535,"msg":"[24/08/2019 20:04:13 - 22/11/2019 20:04:13]","score":220,"severity":"error","type":"alert_tls_certificate_expired"},{"date":1618579535,"msg":"","score":20,"severity":"notice","type":"alert_remote_to_remote"},{"date":1618579535,"msg":"","score":20,"severity":"notice","type":"alert_remote_to_remote"},{"date":1618579535,"msg":"","score":20,"severity":"notice","type":"alert_remote_to_remote"},{"date":1618579535,"msg":"","score":20,"severity":"notice","type":"alert_remote_to_remote"},{"date":1618579535,"msg":"","score":20,"severity":"notice","type":"alert_remote_to_remote"},{"date":1618579535,"msg":"","score":20,"severity":"notice","type":"alert_remote_to_remote"},{"date":1618579535,"msg":"","score":20,"severity":"notice","type":"alert_remote_to_remote"},{"date":1618579535,"msg":"","score":20,"severity":"notice","type":"alert_remote_to_remote"},{"date":1618579535,"msg":"","score":20,"severity":"notice","type":"alert_remote_to_remote"},{"date":1618579535,"msg":"","score":20,"severity":"notice","type":"alert_remote_to_remote"},{"date":1618579535,"msg":"","score":20,"severity":"notice","type":"alert_remote_to_remote"},{"date":1618579535,"msg":"","score":20,"severity":"notice","type":"alert_remote_to_remote"},{"date":1618579535,"msg":"","score":20,"severity":"notice","type":"alert_remote_to_remote"},{"date":1618579535,"msg":"","score":20,"severity":"notice","type":"alert_remote_to_remote"},{"date":1618579535,"msg":"","score":20,"severity":"notice","type":"alert_remote_to_remote"},{"date":1618579535,"msg":"","score":20,"severity":"notice","type":"alert_remote_to_remote"},{"date":1618579535,"msg":"","score":20,"severity":"notice","type":"alert_remote_to_remote"},{"date":1618579535,"msg":"","score":20,"severity":"notice","type":"alert_remote_to_remote"},{"date":1618579535,"msg":"","score":20,"severity":"notice","type":"alert_remote_to_remote"},{"date":1618579535,"msg":"","score":20,"severity":"notice","type":"alert_remote_to_remote"},{"date":1618579535,"msg":"","score":20,"severity":"notice","type":"alert_remote_to_remote"},{"date":1618579535,"msg":"","score":20,"severity":"notice","type":"alert_remote_to_remote"},{"date":1618579535,"msg":"","score":20,"severity":"notice","type":"alert_remote_to_remote"},{"date":1618579535,"msg":"","score":20,"severity":"notice","type":"alert_remote_to_remote"},{"date":1618579535,"msg":"","score":20,"severity":"notice","type":"alert_remote_to_remote"},{"date":1618579535,"msg":"","score":20,"severity":"notice","type":"alert_remote_to_remote"},{"date":1618579535,"msg":"","score":20,"severity":"notice","type":"alert_remote_to_remote"},{"date":1618579535,"msg":"","score":20,"severity":"notice","type":"alert_remote_to_remote"},{"date":1618579535,"msg":"","score":20,"severity":"notice","type":"alert_remote_to_remote"},{"date":1618579535,"msg":"","score":20,"severity":"notice","type":"alert_remote_to_remote"},{"date":1618579535,"msg":"","score":20,"severity":"notice","type":"alert_remote_to_remote"},{"date":1618579535,"msg":"","score":20,"severity":"notice","type":"alert_remote_to_remote"},{"date":1618579535,"msg":"","score":20,"severity":"notice","type":"alert_remote_to_remote"},{"date":1618579535,"msg":"","score":20,"severity":"notice","type":"alert_remote_to_remote"},{"date":1618579535,"msg":"","score":20,"severity":"notice","type":"alert_remote_to_remote"},{"date":1618579535,"msg":"","score":20,"severity":"notice","type":"alert_remote_to_remote"},{"date":1618579535,"msg":"","score":20,"severity":"notice","type":"alert_remote_to_remote"},{"date":1618579535,"msg":"","score":20,"severity":"notice","type":"alert_remote_to_remote"},{"date":1618579535,"msg":"","score":20,"severity":"notice","type":"alert_remote_to_remote"},{"date":1618579535,"msg":"","score":20,"severity":"notice","type":"alert_remote_to_remote"},{"date":1618579535,"msg":"","score":20,"severity":"notice","type":"alert_remote_to_remote"},{"date":1618579535,"msg":"","score":20,"severity":"notice","type":"alert_remote_to_remote"},{"date":1618579535,"msg":"","score":20,"severity":"notice","type":"alert_remote_to_remote"},{"date":1618579535,"msg":"","score":20,"severity":"notice","type":"alert_remote_to_remote"},{"date":1618579535,"msg":"","score":20,"severity":"notice","type":"alert_remote_to_remote"},{"date":1618579535,"msg":"","score":20,"severity":"notice","type":"alert_remote_to_remote"},{"date":1618579535,"msg":"","score":20,"severity":"notice","type":"alert_remote_to_remote"},{"date":1618579535,"msg":"","score":20,"severity":"notice","type":"alert_remote_to_remote"},{"date":1618579535,"msg":"","score":20,"severity":"notice","type":"alert_remote_to_remote"},{"date":1618579535,"msg":"","score":20,"severity":"notice","type":"alert_remote_to_remote"},{"date":1618579535,"msg":"","score":20,"severity":"notice","type":"alert_remote_to_remote"},{"date":1618579535,"msg":"","score":20,"severity":"notice","type":"alert_remote_to_remote"},{"date":1618579535,"msg":"","score":20,"severity":"notice","type":"alert_remote_to_remote"},{"date":1618579535,"msg":"","score":20,"severity":"notice","type":"alert_remote_to_remote"},{"date":1618579535,"msg":"","score":20,"severity":"notice","type":"alert_remote_to_remote"},{"date":1618579535,"msg":"","score":20,"severity":"notice","type":"alert_remote_to_remote"},{"date":1618579535,"msg":"","score":20,"severity":"notice","type":"alert_remote_to_remote"},{"date":1618579535,"msg":"","score":20,"severity":"notice","type":"alert_remote_to_remote"},{"date":1618579535,"msg":"","score":20,"severity":"notice","type":"alert_remote_to_remote"},{"date":1618579535,"msg":"","score":20,"severity":"notice","type":"alert_remote_to_remote"},{"date":1618579535,"msg":"","score":20,"severity":"notice","type":"alert_remote_to_remote"},{"date":1618579535,"msg":"","score":20,"severity":"notice","type":"alert_remote_to_remote"},{"date":1618579535,"msg":"","score":20,"severity":"notice","type":"alert_remote_to_remote"},{"date":1618579535,"msg":"","score":20,"severity":"notice","type":"alert_remote_to_remote"},{"date":1618579535,"msg":"","score":20,"severity":"notice","type":"alert_remote_to_remote"},{"date":1618579535,"msg":"","score":20,"severity":"notice","type":"alert_remote_to_remote"},{"date":1618579535,"msg":"","score":20,"severity":"notice","type":"alert_remote_to_remote"},{"date":1618579535,"msg":"","score":20,"severity":"notice","type":"alert_remote_to_remote"},{"date":1618579535,"msg":"","score":20,"severity":"notice","type":"alert_remote_to_remote"},{"date":1618579535,"msg":"","score":20,"severity":"notice","type":"alert_remote_to_remote"},{"date":1618579535,"msg":"","score":20,"severity":"notice","type":"alert_remote_to_remote"},{"date":1618579535,"msg":"","score":20,"severity":"notice","type":"alert_remote_to_remote"},{"date":1618579535,"msg":"","score":20,"severity":"notice","type":"alert_remote_to_remote"},{"date":1618579535,"msg":"","score":20,"severity":"notice","type":"alert_remote_to_remote"},{"date":1618579535,"msg":"","score":20,"severity":"notice","type":"alert_remote_to_remote"},{"date":1618579535,"msg":"","score":20,"severity":"notice","type":"alert_remote_to_remote"},{"date":1618579535,"msg":"","score":20,"severity":"notice","type":"alert_remote_to_remote"},{"date":1618579535,"msg":"","score":20,"severity":"notice","type":"alert_remote_to_remote"},{"date":1618579535,"msg":"","score":20,"severity":"notice","type":"alert_remote_to_remote"},{"date":1618579535,"msg":"","score":20,"severity":"notice","type":"alert_remote_to_remote"},{"date":1618579535,"msg":"","score":20,"severity":"notice","type":"alert_remote_to_remote"},{"date":1618579535,"msg":"","score":20,"severity":"notice","type":"alert_remote_to_remote"},{"date":1618579535,"msg":"","score":20,"severity":"notice","type":"alert_remote_to_remote"},{"date":1618579535,"msg":"","score":20,"severity":"notice","type":"alert_remote_to_remote"},{"date":1618579535,"msg":"","score":20,"severity":"notice","type":"alert_remote_to_remote"},{"date":1618579535,"msg":"","score":20,"severity":"notice","type":"alert_remote_to_remote"},{"date":1618579535,"msg":"","score":20,"severity":"notice","type":"alert_remote_to_remote"},{"date":1618579535,"msg":"","score":20,"severity":"notice","type":"alert_remote_to_remote"},{"date":1618579535,"msg":"","score":20,"severity":"notice","type":"alert_remote_to_remote"},{"date":1618579535,"msg":"","score":20,"severity":"notice","type":"alert_remote_to_remote"},{"date":1618579535,"msg":"","score":20,"severity":"notice","type":"alert_remote_to_remote"},{"date":1618579535,"msg":"","score":20,"severity":"notice","type":"alert_remote_to_remote"},{"date":1618579535,"msg":"","score":20,"severity":"notice","type":"alert_remote_to_remote"},{"date":1618579535,"msg":"","score":20,"severity":"notice","type":"alert_remote_to_remote"},{"date":1618579535,"msg":"","score":20,"severity":"notice","type":"alert_remote_to_remote"},{"date":1618579535,"msg":"","score":20,"severity":"notice","type":"alert_remote_to_remote"},{"date":1618579535,"msg":"","score":20,"severity":"notice","type":"alert_remote_to_remote"},{"date":1618579535,"msg":"","score":20,"severity":"notice","type":"alert_remote_to_remote"},{"date":1618579535,"msg":"","score":20,"severity":"notice","type":"alert_remote_to_remote"},{"date":1618579535,"msg":"","score":20,"severity":"notice","type":"alert_remote_to_remote"},{"date":1618579535,"msg":"","score":20,"severity":"notice","type":"alert_remote_to_remote"},{"date":1618579535,"msg":"","score":20,"severity":"notice","type":"alert_remote_to_remote"},{"date":1618579535,"msg":"","score":20,"severity":"notice","type":"alert_remote_to_remote"},{"date":1618579535,"msg":"","score":20,"severity":"notice","type":"alert_remote_to_remote"},{"date":1618579535,"msg":"","score":20,"severity":"notice","type":"alert_remote_to_remote"},{"date":1618579535,"msg":"","score":20,"severity":"notice","type":"alert_remote_to_remote"},{"date":1618579535,"msg":"","score":20,"severity":"notice","type":"alert_remote_to_remote"},{"date":1618579535,"msg":"","score":20,"severity":"notice","type":"alert_remote_to_remote"},{"date":1618579535,"msg":"","score":20,"severity":"notice","type":"alert_remote_to_remote"},{"date":1618579535,"msg":"","score":20,"severity":"notice","type":"alert_remote_to_remote"},{"date":1618579535,"msg":"","score":20,"severity":"notice","type":"alert_remote_to_remote"},{"date":1618579535,"msg":"","score":20,"severity":"notice","type":"alert_remote_to_remote"},{"date":1618579535,"msg":"","score":20,"severity":"notice","type":"alert_remote_to_remote"},{"date":1618579535,"msg":"","score":20,"severity":"notice","type":"alert_remote_to_remote"},{"date":1618579535,"msg":"","score":20,"severity":"notice","type":"alert_remote_to_remote"},{"date":1618579535,"msg":"","score":20,"severity":"notice","type":"alert_remote_to_remote"},{"date":1618579535,"msg":"","score":20,"severity":"notice","type":"alert_remote_to_remote"},{"date":1618579535,"msg":"","score":20,"severity":"notice","type":"alert_remote_to_remote"},{"date":1618579535,"msg":"","score":20,"severity":"notice","type":"alert_remote_to_remote"},{"date":1618579535,"msg":"","score":20,"severity":"notice","type":"alert_remote_to_remote"},{"date":1618579535,"msg":"","score":20,"severity":"notice","type":"alert_remote_to_remote"},{"date":1618579535,"msg":"","score":20,"severity":"notice","type":"alert_remote_to_remote"},{"date":1618579535,"msg":"","score":20,"severity":"notice","type":"alert_remote_to_remote"},{"date":1618579535,"msg":"","score":20,"severity":"notice","type":"alert_remote_to_remote"},{"date":1618579540,"msg":"[24/08/2019 20:04:13 - 22/11/2019 20:04:13]","score":220,"severity":"error","type":"alert_tls_certificate_expired"},{"date":1618579540,"msg":" [ Suspicious DGA Domain Contacted : fbc.wcfbc.net ] ","score":120,"severity":"error","type":"alert_ndpi_suspicious_dga_domain"},{"date":1618579540,"msg":"","score":20,"severity":"notice","type":"alert_remote_to_remote"},{"date":1618579540,"msg":"","score":20,"severity":"notice","type":"alert_remote_to_remote"}]}}
