{"rc":0,"rc_str":"OK","rc_str_hr":"Success","rsp":{"currentPage":1,"data":[{"breakdown":{"cli2srv":49,"srv2cli":51},"bytes":3500,"client":{"ip":"192.168.1.122","is_blacklisted":false,"is_broadcast_domain":false,"is_dhcp":false,"name":"192.168.1.122","port":50513},"duration":0,"first_seen":1614443917,"hash_id":"1","key":"255906621","last_seen":1614443917,"protocol":{"l4":"TCP","l7":"SSH"},"score":"0","server":{"ip":"78.152.105.248","is_blacklisted":false,"is_broadcast":false,"is_dhcp":false,"name":"78.152.105.248","port":22},"thpt":{"bps":0,"pps":0},"vlan":0},{"breakdown":{"cli2srv":100,"srv2cli":0},"bytes":175,"client":{"ip":"78.152.105.248","is_blacklisted":false,"is_broadcast_domain":false,"is_dhcp":false,"name":"78.152.105.248","port":22},"duration":0,"first_seen":1614443917,"hash_id":"0","key":"255906621","last_seen":1614443917,"protocol":{"l4":"TCP","l7":"SSH"},"score":"0","server":{"ip":"192.168.1.122","is_blacklisted":false,"is_broadcast":false,"is_dhcp":false,"name":"192.168.1.122","port":50513},"thpt":{"bps":0,"pps":0},"vlan":0}],"perPage":10,"sort":[["column_","desc"]],"totalRows":2}}
